Archive member included to satisfy reference by file (symbol)

c:/nxp/mcuxpressoide_10.0.2_411/ide/tools/bin/../lib/gcc/arm-none-eabi/5.4.1/armv6-m\libgcc.a(_udivsi3.o)
                              ./CMSIS/system_MKW41Z4.o (__aeabi_uidiv)
c:/nxp/mcuxpressoide_10.0.2_411/ide/tools/bin/../lib/gcc/arm-none-eabi/5.4.1/armv6-m\libgcc.a(_dvmd_tls.o)
                              c:/nxp/mcuxpressoide_10.0.2_411/ide/tools/bin/../lib/gcc/arm-none-eabi/5.4.1/armv6-m\libgcc.a(_udivsi3.o) (__aeabi_idiv0)
c:/nxp/mcuxpressoide_10.0.2_411/ide/tools/bin/../lib/gcc/arm-none-eabi/5.4.1/armv6-m\libgcc.a(unwind-arm.o)
                              ./startup/startup_mkw41z4.o (__aeabi_unwind_cpp_pr0)
c:/nxp/mcuxpressoide_10.0.2_411/ide/tools/bin/../lib/gcc/arm-none-eabi/5.4.1/armv6-m\libgcc.a(libunwind.o)
                              c:/nxp/mcuxpressoide_10.0.2_411/ide/tools/bin/../lib/gcc/arm-none-eabi/5.4.1/armv6-m\libgcc.a(unwind-arm.o) (restore_core_regs)
c:/nxp/mcuxpressoide_10.0.2_411/ide/tools/bin/../lib/gcc/arm-none-eabi/5.4.1/armv6-m\libgcc.a(pr-support.o)
                              c:/nxp/mcuxpressoide_10.0.2_411/ide/tools/bin/../lib/gcc/arm-none-eabi/5.4.1/armv6-m\libgcc.a(unwind-arm.o) (__gnu_unwind_execute)
c:/nxp/mcuxpressoide_10.0.2_411/ide/tools/bin/../lib/gcc/arm-none-eabi/5.4.1/../../../../arm-none-eabi/lib/armv6-m\libc_nano.a(lib_a-abort.o)
                              c:/nxp/mcuxpressoide_10.0.2_411/ide/tools/bin/../lib/gcc/arm-none-eabi/5.4.1/armv6-m\libgcc.a(unwind-arm.o) (abort)
c:/nxp/mcuxpressoide_10.0.2_411/ide/tools/bin/../lib/gcc/arm-none-eabi/5.4.1/../../../../arm-none-eabi/lib/armv6-m\libc_nano.a(lib_a-init.o)
                              ./startup/startup_mkw41z4.o (__libc_init_array)
c:/nxp/mcuxpressoide_10.0.2_411/ide/tools/bin/../lib/gcc/arm-none-eabi/5.4.1/../../../../arm-none-eabi/lib/armv6-m\libc_nano.a(lib_a-memcpy-stub.o)
                              c:/nxp/mcuxpressoide_10.0.2_411/ide/tools/bin/../lib/gcc/arm-none-eabi/5.4.1/armv6-m\libgcc.a(unwind-arm.o) (memcpy)
c:/nxp/mcuxpressoide_10.0.2_411/ide/tools/bin/../lib/gcc/arm-none-eabi/5.4.1/../../../../arm-none-eabi/lib/armv6-m\libc_nano.a(lib_a-signal.o)
                              c:/nxp/mcuxpressoide_10.0.2_411/ide/tools/bin/../lib/gcc/arm-none-eabi/5.4.1/../../../../arm-none-eabi/lib/armv6-m\libc_nano.a(lib_a-abort.o) (raise)
c:/nxp/mcuxpressoide_10.0.2_411/ide/tools/bin/../lib/gcc/arm-none-eabi/5.4.1/../../../../arm-none-eabi/lib/armv6-m\libc_nano.a(lib_a-signalr.o)
                              c:/nxp/mcuxpressoide_10.0.2_411/ide/tools/bin/../lib/gcc/arm-none-eabi/5.4.1/../../../../arm-none-eabi/lib/armv6-m\libc_nano.a(lib_a-signal.o) (_kill_r)
c:/nxp/mcuxpressoide_10.0.2_411/ide/tools/bin/../lib/gcc/arm-none-eabi/5.4.1/../../../../arm-none-eabi/lib/armv6-m\libc_nano.a(lib_a-impure.o)
                              c:/nxp/mcuxpressoide_10.0.2_411/ide/tools/bin/../lib/gcc/arm-none-eabi/5.4.1/../../../../arm-none-eabi/lib/armv6-m\libc_nano.a(lib_a-signal.o) (_impure_ptr)
c:/nxp/mcuxpressoide_10.0.2_411/ide/tools/bin/../lib/gcc/arm-none-eabi/5.4.1/../../../../arm-none-eabi/lib/armv6-m\libc_nano.a(lib_a-nano-mallocr.o)
                              c:/nxp/mcuxpressoide_10.0.2_411/ide/tools/bin/../lib/gcc/arm-none-eabi/5.4.1/../../../../arm-none-eabi/lib/armv6-m\libc_nano.a(lib_a-signal.o) (_malloc_r)
c:/nxp/mcuxpressoide_10.0.2_411/ide/tools/bin/../lib/gcc/arm-none-eabi/5.4.1/../../../../arm-none-eabi/lib/armv6-m\libc_nano.a(lib_a-reent.o)
                              c:/nxp/mcuxpressoide_10.0.2_411/ide/tools/bin/../lib/gcc/arm-none-eabi/5.4.1/../../../../arm-none-eabi/lib/armv6-m\libc_nano.a(lib_a-signalr.o) (errno)
c:/nxp/mcuxpressoide_10.0.2_411/ide/tools/bin/../lib/gcc/arm-none-eabi/5.4.1/../../../../arm-none-eabi/lib/armv6-m\libc_nano.a(lib_a-sbrkr.o)
                              c:/nxp/mcuxpressoide_10.0.2_411/ide/tools/bin/../lib/gcc/arm-none-eabi/5.4.1/../../../../arm-none-eabi/lib/armv6-m\libc_nano.a(lib_a-nano-mallocr.o) (_sbrk_r)
c:/nxp/mcuxpressoide_10.0.2_411/ide/tools/bin/../lib/gcc/arm-none-eabi/5.4.1/../../../../arm-none-eabi/lib/armv6-m\libc_nano.a(lib_a-mlock.o)
                              c:/nxp/mcuxpressoide_10.0.2_411/ide/tools/bin/../lib/gcc/arm-none-eabi/5.4.1/../../../../arm-none-eabi/lib/armv6-m\libc_nano.a(lib_a-nano-mallocr.o) (__malloc_lock)
c:/nxp/mcuxpressoide_10.0.2_411/ide/tools/bin/../lib/gcc/arm-none-eabi/5.4.1/../../../../arm-none-eabi/lib/armv6-m\libc_nano.a(lib_a-nano-freer.o)
                              c:/nxp/mcuxpressoide_10.0.2_411/ide/tools/bin/../lib/gcc/arm-none-eabi/5.4.1/../../../../arm-none-eabi/lib/armv6-m\libc_nano.a(lib_a-reent.o) (_free_r)
c:/nxp/mcuxpressoide_10.0.2_411/ide/tools/bin/../lib/gcc/arm-none-eabi/5.4.1/../../../../arm-none-eabi/lib/armv6-m\libcr_newlib_semihost.a(_cr_sbrk.o)
                              c:/nxp/mcuxpressoide_10.0.2_411/ide/tools/bin/../lib/gcc/arm-none-eabi/5.4.1/../../../../arm-none-eabi/lib/armv6-m\libc_nano.a(lib_a-sbrkr.o) (_sbrk)
c:/nxp/mcuxpressoide_10.0.2_411/ide/tools/bin/../lib/gcc/arm-none-eabi/5.4.1/../../../../arm-none-eabi/lib/armv6-m\libcr_newlib_semihost.a(_exit.o)
                              c:/nxp/mcuxpressoide_10.0.2_411/ide/tools/bin/../lib/gcc/arm-none-eabi/5.4.1/../../../../arm-none-eabi/lib/armv6-m\libc_nano.a(lib_a-abort.o) (_exit)
c:/nxp/mcuxpressoide_10.0.2_411/ide/tools/bin/../lib/gcc/arm-none-eabi/5.4.1/../../../../arm-none-eabi/lib/armv6-m\libcr_newlib_semihost.a(_kill.o)
                              c:/nxp/mcuxpressoide_10.0.2_411/ide/tools/bin/../lib/gcc/arm-none-eabi/5.4.1/../../../../arm-none-eabi/lib/armv6-m\libc_nano.a(lib_a-signalr.o) (_kill)
c:/nxp/mcuxpressoide_10.0.2_411/ide/tools/bin/../lib/gcc/arm-none-eabi/5.4.1/../../../../arm-none-eabi/lib/armv6-m\libcr_newlib_semihost.a(syscalls.o)
                              c:/nxp/mcuxpressoide_10.0.2_411/ide/tools/bin/../lib/gcc/arm-none-eabi/5.4.1/../../../../arm-none-eabi/lib/armv6-m\libc_nano.a(lib_a-signalr.o) (_getpid)
c:/nxp/mcuxpressoide_10.0.2_411/ide/tools/bin/../lib/gcc/arm-none-eabi/5.4.1/../../../../arm-none-eabi/lib/armv6-m\libcr_newlib_semihost.a(_cr_check_heap.o)
                              c:/nxp/mcuxpressoide_10.0.2_411/ide/tools/bin/../lib/gcc/arm-none-eabi/5.4.1/../../../../arm-none-eabi/lib/armv6-m\libcr_newlib_semihost.a(_cr_sbrk.o) (__check_heap_overflow)
c:/nxp/mcuxpressoide_10.0.2_411/ide/tools/bin/../lib/gcc/arm-none-eabi/5.4.1/../../../../arm-none-eabi/lib/armv6-m\libc_nano.a(lib_a-errno.o)
                              c:/nxp/mcuxpressoide_10.0.2_411/ide/tools/bin/../lib/gcc/arm-none-eabi/5.4.1/../../../../arm-none-eabi/lib/armv6-m\libcr_newlib_semihost.a(_cr_sbrk.o) (__errno)
c:/nxp/mcuxpressoide_10.0.2_411/ide/tools/bin/../lib/gcc/arm-none-eabi/5.4.1/../../../../arm-none-eabi/lib/armv6-m\libc_nano.a(lib_a-memset.o)
                              c:/nxp/mcuxpressoide_10.0.2_411/ide/tools/bin/../lib/gcc/arm-none-eabi/5.4.1/../../../../arm-none-eabi/lib/armv6-m\libcr_newlib_semihost.a(syscalls.o) (memset)
c:/nxp/mcuxpressoide_10.0.2_411/ide/tools/bin/../lib/gcc/arm-none-eabi/5.4.1/../../../../arm-none-eabi/lib/armv6-m\libc_nano.a(lib_a-strlen.o)
                              c:/nxp/mcuxpressoide_10.0.2_411/ide/tools/bin/../lib/gcc/arm-none-eabi/5.4.1/../../../../arm-none-eabi/lib/armv6-m\libcr_newlib_semihost.a(syscalls.o) (strlen)

Allocating common symbols
Common symbol       size              file

errno               0x4               c:/nxp/mcuxpressoide_10.0.2_411/ide/tools/bin/../lib/gcc/arm-none-eabi/5.4.1/../../../../arm-none-eabi/lib/armv6-m\libc_nano.a(lib_a-reent.o)

Discarded input sections

 .group         0x00000000        0x8 ./startup/startup_mkw41z4.o
 .text          0x00000000        0x0 ./startup/startup_mkw41z4.o
 .data          0x00000000        0x0 ./startup/startup_mkw41z4.o
 .bss           0x00000000        0x0 ./startup/startup_mkw41z4.o
 .ARM.extab.after_vectors.init_data
                0x00000000        0x0 ./startup/startup_mkw41z4.o
 .ARM.extab.after_vectors.init_bss
                0x00000000        0x0 ./startup/startup_mkw41z4.o
 .ARM.extab.after_vectors.reset
                0x00000000        0x0 ./startup/startup_mkw41z4.o
 .ARM.extab.after_vectors
                0x00000000        0x0 ./startup/startup_mkw41z4.o
 .group         0x00000000        0x8 ./source/MKW41Z512xxx4_Project.o
 .group         0x00000000        0x8 ./source/MKW41Z512xxx4_Project.o
 .group         0x00000000        0x8 ./source/MKW41Z512xxx4_Project.o
 .group         0x00000000        0x8 ./source/MKW41Z512xxx4_Project.o
 .group         0x00000000        0x8 ./source/MKW41Z512xxx4_Project.o
 .group         0x00000000        0x8 ./source/MKW41Z512xxx4_Project.o
 .group         0x00000000        0x8 ./source/MKW41Z512xxx4_Project.o
 .group         0x00000000        0x8 ./source/MKW41Z512xxx4_Project.o
 .group         0x00000000        0x8 ./source/MKW41Z512xxx4_Project.o
 .group         0x00000000        0x8 ./source/MKW41Z512xxx4_Project.o
 .group         0x00000000        0x8 ./source/MKW41Z512xxx4_Project.o
 .group         0x00000000        0x8 ./source/MKW41Z512xxx4_Project.o
 .group         0x00000000        0x8 ./source/MKW41Z512xxx4_Project.o
 .group         0x00000000        0x8 ./source/MKW41Z512xxx4_Project.o
 .group         0x00000000        0x8 ./source/MKW41Z512xxx4_Project.o
 .group         0x00000000        0x8 ./source/MKW41Z512xxx4_Project.o
 .group         0x00000000        0x8 ./source/MKW41Z512xxx4_Project.o
 .group         0x00000000        0x8 ./source/MKW41Z512xxx4_Project.o
 .group         0x00000000        0x8 ./source/MKW41Z512xxx4_Project.o
 .group         0x00000000        0x8 ./source/MKW41Z512xxx4_Project.o
 .group         0x00000000        0x8 ./source/MKW41Z512xxx4_Project.o
 .group         0x00000000        0x8 ./source/MKW41Z512xxx4_Project.o
 .group         0x00000000        0x8 ./source/MKW41Z512xxx4_Project.o
 .group         0x00000000        0x8 ./source/MKW41Z512xxx4_Project.o
 .group         0x00000000        0x8 ./source/MKW41Z512xxx4_Project.o
 .group         0x00000000        0x8 ./source/MKW41Z512xxx4_Project.o
 .group         0x00000000        0x8 ./source/MKW41Z512xxx4_Project.o
 .group         0x00000000        0x8 ./source/MKW41Z512xxx4_Project.o
 .group         0x00000000        0x8 ./source/MKW41Z512xxx4_Project.o
 .group         0x00000000        0x8 ./source/MKW41Z512xxx4_Project.o
 .group         0x00000000        0x8 ./source/MKW41Z512xxx4_Project.o
 .group         0x00000000        0x8 ./source/MKW41Z512xxx4_Project.o
 .group         0x00000000        0x8 ./source/MKW41Z512xxx4_Project.o
 .group         0x00000000        0x8 ./source/MKW41Z512xxx4_Project.o
 .group         0x00000000        0x8 ./source/MKW41Z512xxx4_Project.o
 .group         0x00000000        0x8 ./source/MKW41Z512xxx4_Project.o
 .text          0x00000000        0x0 ./source/MKW41Z512xxx4_Project.o
 .data          0x00000000        0x0 ./source/MKW41Z512xxx4_Project.o
 .bss           0x00000000        0x0 ./source/MKW41Z512xxx4_Project.o
 .debug_info    0x00000000       0x76 ./source/MKW41Z512xxx4_Project.o
 .debug_abbrev  0x00000000       0x29 ./source/MKW41Z512xxx4_Project.o
 .debug_aranges
                0x00000000       0x18 ./source/MKW41Z512xxx4_Project.o
 .debug_macro   0x00000000      0x209 ./source/MKW41Z512xxx4_Project.o
 .debug_macro   0x00000000      0x87a ./source/MKW41Z512xxx4_Project.o
 .debug_macro   0x00000000       0x22 ./source/MKW41Z512xxx4_Project.o
 .debug_macro   0x00000000       0x4c ./source/MKW41Z512xxx4_Project.o
 .debug_macro   0x00000000       0x8d ./source/MKW41Z512xxx4_Project.o
 .debug_macro   0x00000000       0x35 ./source/MKW41Z512xxx4_Project.o
 .debug_macro   0x00000000       0x9c ./source/MKW41Z512xxx4_Project.o
 .debug_macro   0x00000000       0x16 ./source/MKW41Z512xxx4_Project.o
 .debug_macro   0x00000000       0x4a ./source/MKW41Z512xxx4_Project.o
 .debug_macro   0x00000000       0x97 ./source/MKW41Z512xxx4_Project.o
 .debug_macro   0x00000000      0x330 ./source/MKW41Z512xxx4_Project.o
 .debug_macro   0x00000000       0xf6 ./source/MKW41Z512xxx4_Project.o
 .debug_macro   0x00000000       0x10 ./source/MKW41Z512xxx4_Project.o
 .debug_macro   0x00000000       0x52 ./source/MKW41Z512xxx4_Project.o
 .debug_macro   0x00000000       0x1f ./source/MKW41Z512xxx4_Project.o
 .debug_macro   0x00000000       0x43 ./source/MKW41Z512xxx4_Project.o
 .debug_macro   0x00000000       0x20 ./source/MKW41Z512xxx4_Project.o
 .debug_macro   0x00000000      0x187 ./source/MKW41Z512xxx4_Project.o
 .debug_macro   0x00000000       0x10 ./source/MKW41Z512xxx4_Project.o
 .debug_macro   0x00000000       0x5e ./source/MKW41Z512xxx4_Project.o
 .debug_macro   0x00000000       0x1c ./source/MKW41Z512xxx4_Project.o
 .debug_macro   0x00000000       0x52 ./source/MKW41Z512xxx4_Project.o
 .debug_macro   0x00000000       0x40 ./source/MKW41Z512xxx4_Project.o
 .debug_macro   0x00000000       0x10 ./source/MKW41Z512xxx4_Project.o
 .debug_macro   0x00000000       0x40 ./source/MKW41Z512xxx4_Project.o
 .debug_macro   0x00000000       0xd7 ./source/MKW41Z512xxx4_Project.o
 .debug_macro   0x00000000       0x16 ./source/MKW41Z512xxx4_Project.o
 .debug_macro   0x00000000      0x18b ./source/MKW41Z512xxx4_Project.o
 .debug_macro   0x00000000       0x10 ./source/MKW41Z512xxx4_Project.o
 .debug_macro   0x00000000       0x3f ./source/MKW41Z512xxx4_Project.o
 .debug_macro   0x00000000       0xfd ./source/MKW41Z512xxx4_Project.o
 .debug_macro   0x00000000      0x1df ./source/MKW41Z512xxx4_Project.o
 .debug_macro   0x00000000       0x34 ./source/MKW41Z512xxx4_Project.o
 .debug_macro   0x00000000       0x26 ./source/MKW41Z512xxx4_Project.o
 .debug_macro   0x00000000      0x329 ./source/MKW41Z512xxx4_Project.o
 .debug_macro   0x00000000       0x3a ./source/MKW41Z512xxx4_Project.o
 .debug_macro   0x00000000     0xe3a7 ./source/MKW41Z512xxx4_Project.o
 .debug_line    0x00000000      0x3a1 ./source/MKW41Z512xxx4_Project.o
 .debug_str     0x00000000    0x96a11 ./source/MKW41Z512xxx4_Project.o
 .comment       0x00000000       0x6f ./source/MKW41Z512xxx4_Project.o
 .ARM.attributes
                0x00000000       0x32 ./source/MKW41Z512xxx4_Project.o
 .group         0x00000000        0x8 ./source/board.o
 .group         0x00000000        0x8 ./source/board.o
 .group         0x00000000        0x8 ./source/board.o
 .group         0x00000000        0x8 ./source/board.o
 .group         0x00000000        0x8 ./source/board.o
 .group         0x00000000        0x8 ./source/board.o
 .group         0x00000000        0x8 ./source/board.o
 .group         0x00000000        0x8 ./source/board.o
 .text          0x00000000        0x0 ./source/board.o
 .data          0x00000000        0x0 ./source/board.o
 .bss           0x00000000        0x0 ./source/board.o
 .text.BOARD_InitDebugConsole
                0x00000000        0xc ./source/board.o
 .debug_info    0x00000000       0x81 ./source/board.o
 .debug_abbrev  0x00000000       0x45 ./source/board.o
 .debug_aranges
                0x00000000       0x20 ./source/board.o
 .debug_ranges  0x00000000       0x10 ./source/board.o
 .debug_macro   0x00000000       0x6c ./source/board.o
 .debug_macro   0x00000000      0x84a ./source/board.o
 .debug_macro   0x00000000       0x22 ./source/board.o
 .debug_macro   0x00000000       0x87 ./source/board.o
 .debug_macro   0x00000000       0x44 ./source/board.o
 .debug_macro   0x00000000       0xfd ./source/board.o
 .debug_macro   0x00000000       0x5e ./source/board.o
 .debug_macro   0x00000000      0x1df ./source/board.o
 .debug_macro   0x00000000       0x10 ./source/board.o
 .debug_line    0x00000000      0x1d0 ./source/board.o
 .debug_str     0x00000000     0x32c1 ./source/board.o
 .comment       0x00000000       0x6f ./source/board.o
 .debug_frame   0x00000000       0x2c ./source/board.o
 .ARM.attributes
                0x00000000       0x32 ./source/board.o
 .group         0x00000000        0x8 ./source/clock_config.o
 .group         0x00000000        0x8 ./source/clock_config.o
 .group         0x00000000        0x8 ./source/clock_config.o
 .group         0x00000000        0x8 ./source/clock_config.o
 .group         0x00000000        0x8 ./source/clock_config.o
 .group         0x00000000        0x8 ./source/clock_config.o
 .group         0x00000000        0x8 ./source/clock_config.o
 .group         0x00000000        0x8 ./source/clock_config.o
 .group         0x00000000        0x8 ./source/clock_config.o
 .group         0x00000000        0x8 ./source/clock_config.o
 .group         0x00000000        0x8 ./source/clock_config.o
 .group         0x00000000        0x8 ./source/clock_config.o
 .group         0x00000000        0x8 ./source/clock_config.o
 .text          0x00000000        0x0 ./source/clock_config.o
 .data          0x00000000        0x0 ./source/clock_config.o
 .bss           0x00000000        0x0 ./source/clock_config.o
 .text.BOARD_InitBootClocks
                0x00000000       0x10 ./source/clock_config.o
 .debug_info    0x00000000       0x88 ./source/clock_config.o
 .debug_abbrev  0x00000000       0x45 ./source/clock_config.o
 .debug_aranges
                0x00000000       0x20 ./source/clock_config.o
 .debug_ranges  0x00000000       0x10 ./source/clock_config.o
 .debug_macro   0x00000000       0xb9 ./source/clock_config.o
 .debug_macro   0x00000000      0x84a ./source/clock_config.o
 .debug_macro   0x00000000       0x3f ./source/clock_config.o
 .debug_macro   0x00000000       0x22 ./source/clock_config.o
 .debug_macro   0x00000000       0x87 ./source/clock_config.o
 .debug_macro   0x00000000       0x44 ./source/clock_config.o
 .debug_macro   0x00000000       0xfd ./source/clock_config.o
 .debug_macro   0x00000000       0x5e ./source/clock_config.o
 .debug_macro   0x00000000      0x1df ./source/clock_config.o
 .debug_macro   0x00000000       0x34 ./source/clock_config.o
 .debug_macro   0x00000000       0x26 ./source/clock_config.o
 .debug_macro   0x00000000      0x329 ./source/clock_config.o
 .debug_macro   0x00000000       0x3a ./source/clock_config.o
 .debug_macro   0x00000000     0xe3a7 ./source/clock_config.o
 .debug_line    0x00000000      0x287 ./source/clock_config.o
 .debug_str     0x00000000    0x92de6 ./source/clock_config.o
 .comment       0x00000000       0x6f ./source/clock_config.o
 .debug_frame   0x00000000       0x2c ./source/clock_config.o
 .ARM.attributes
                0x00000000       0x32 ./source/clock_config.o
 .group         0x00000000        0x8 ./source/mtb.o
 .group         0x00000000        0x8 ./source/mtb.o
 .group         0x00000000        0x8 ./source/mtb.o
 .text          0x00000000        0x0 ./source/mtb.o
 .data          0x00000000        0x0 ./source/mtb.o
 .bss           0x00000000        0x0 ./source/mtb.o
 .debug_macro   0x00000000      0x84a ./source/mtb.o
 .group         0x00000000        0x8 ./source/pin_mux.o
 .text          0x00000000        0x0 ./source/pin_mux.o
 .data          0x00000000        0x0 ./source/pin_mux.o
 .bss           0x00000000        0x0 ./source/pin_mux.o
 .text.BOARD_InitBootPins
                0x00000000        0xc ./source/pin_mux.o
 .debug_info    0x00000000       0x3b ./source/pin_mux.o
 .debug_abbrev  0x00000000       0x2f ./source/pin_mux.o
 .debug_aranges
                0x00000000       0x20 ./source/pin_mux.o
 .debug_ranges  0x00000000       0x10 ./source/pin_mux.o
 .debug_macro   0x00000000       0x1b ./source/pin_mux.o
 .debug_macro   0x00000000      0x84a ./source/pin_mux.o
 .debug_line    0x00000000       0x51 ./source/pin_mux.o
 .debug_str     0x00000000     0x23e7 ./source/pin_mux.o
 .comment       0x00000000       0x6f ./source/pin_mux.o
 .debug_frame   0x00000000       0x2c ./source/pin_mux.o
 .ARM.attributes
                0x00000000       0x32 ./source/pin_mux.o
 .group         0x00000000        0x8 ./CMSIS/system_MKW41Z4.o
 .group         0x00000000        0x8 ./CMSIS/system_MKW41Z4.o
 .group         0x00000000        0x8 ./CMSIS/system_MKW41Z4.o
 .group         0x00000000        0x8 ./CMSIS/system_MKW41Z4.o
 .group         0x00000000        0x8 ./CMSIS/system_MKW41Z4.o
 .group         0x00000000        0x8 ./CMSIS/system_MKW41Z4.o
 .group         0x00000000        0x8 ./CMSIS/system_MKW41Z4.o
 .group         0x00000000        0x8 ./CMSIS/system_MKW41Z4.o
 .group         0x00000000        0x8 ./CMSIS/system_MKW41Z4.o
 .group         0x00000000        0x8 ./CMSIS/system_MKW41Z4.o
 .group         0x00000000        0x8 ./CMSIS/system_MKW41Z4.o
 .group         0x00000000        0x8 ./CMSIS/system_MKW41Z4.o
 .group         0x00000000        0x8 ./CMSIS/system_MKW41Z4.o
 .group         0x00000000        0x8 ./CMSIS/system_MKW41Z4.o
 .group         0x00000000        0x8 ./CMSIS/system_MKW41Z4.o
 .text          0x00000000        0x0 ./CMSIS/system_MKW41Z4.o
 .data          0x00000000        0x0 ./CMSIS/system_MKW41Z4.o
 .bss           0x00000000        0x0 ./CMSIS/system_MKW41Z4.o
 .data.SystemCoreClock
                0x00000000        0x4 ./CMSIS/system_MKW41Z4.o
 .text.SystemCoreClockUpdate
                0x00000000      0x224 ./CMSIS/system_MKW41Z4.o
 .debug_macro   0x00000000      0x84a ./CMSIS/system_MKW41Z4.o
 .debug_macro   0x00000000       0x22 ./CMSIS/system_MKW41Z4.o
 .debug_macro   0x00000000       0x87 ./CMSIS/system_MKW41Z4.o
 .debug_macro   0x00000000       0x44 ./CMSIS/system_MKW41Z4.o
 .debug_macro   0x00000000       0xfd ./CMSIS/system_MKW41Z4.o
 .debug_macro   0x00000000       0x5e ./CMSIS/system_MKW41Z4.o
 .debug_macro   0x00000000      0x1df ./CMSIS/system_MKW41Z4.o
 .debug_macro   0x00000000       0x3f ./CMSIS/system_MKW41Z4.o
 .debug_macro   0x00000000       0x26 ./CMSIS/system_MKW41Z4.o
 .debug_macro   0x00000000      0x329 ./CMSIS/system_MKW41Z4.o
 .debug_macro   0x00000000       0x3a ./CMSIS/system_MKW41Z4.o
 .debug_macro   0x00000000     0xe3a7 ./CMSIS/system_MKW41Z4.o
 .text          0x00000000      0x114 c:/nxp/mcuxpressoide_10.0.2_411/ide/tools/bin/../lib/gcc/arm-none-eabi/5.4.1/armv6-m\libgcc.a(_udivsi3.o)
 .data          0x00000000        0x0 c:/nxp/mcuxpressoide_10.0.2_411/ide/tools/bin/../lib/gcc/arm-none-eabi/5.4.1/armv6-m\libgcc.a(_udivsi3.o)
 .bss           0x00000000        0x0 c:/nxp/mcuxpressoide_10.0.2_411/ide/tools/bin/../lib/gcc/arm-none-eabi/5.4.1/armv6-m\libgcc.a(_udivsi3.o)
 .debug_frame   0x00000000       0x20 c:/nxp/mcuxpressoide_10.0.2_411/ide/tools/bin/../lib/gcc/arm-none-eabi/5.4.1/armv6-m\libgcc.a(_udivsi3.o)
 .ARM.attributes
                0x00000000       0x1e c:/nxp/mcuxpressoide_10.0.2_411/ide/tools/bin/../lib/gcc/arm-none-eabi/5.4.1/armv6-m\libgcc.a(_udivsi3.o)
 .text          0x00000000        0x4 c:/nxp/mcuxpressoide_10.0.2_411/ide/tools/bin/../lib/gcc/arm-none-eabi/5.4.1/armv6-m\libgcc.a(_dvmd_tls.o)
 .data          0x00000000        0x0 c:/nxp/mcuxpressoide_10.0.2_411/ide/tools/bin/../lib/gcc/arm-none-eabi/5.4.1/armv6-m\libgcc.a(_dvmd_tls.o)
 .bss           0x00000000        0x0 c:/nxp/mcuxpressoide_10.0.2_411/ide/tools/bin/../lib/gcc/arm-none-eabi/5.4.1/armv6-m\libgcc.a(_dvmd_tls.o)
 .ARM.attributes
                0x00000000       0x1e c:/nxp/mcuxpressoide_10.0.2_411/ide/tools/bin/../lib/gcc/arm-none-eabi/5.4.1/armv6-m\libgcc.a(_dvmd_tls.o)
 .data          0x00000000        0x0 c:/nxp/mcuxpressoide_10.0.2_411/ide/tools/bin/../lib/gcc/arm-none-eabi/5.4.1/armv6-m\libgcc.a(unwind-arm.o)
 .bss           0x00000000        0x0 c:/nxp/mcuxpressoide_10.0.2_411/ide/tools/bin/../lib/gcc/arm-none-eabi/5.4.1/armv6-m\libgcc.a(unwind-arm.o)
 .debug_frame   0x00000000      0x2c4 c:/nxp/mcuxpressoide_10.0.2_411/ide/tools/bin/../lib/gcc/arm-none-eabi/5.4.1/armv6-m\libgcc.a(unwind-arm.o)
 .ARM.attributes
                0x00000000       0x2c c:/nxp/mcuxpressoide_10.0.2_411/ide/tools/bin/../lib/gcc/arm-none-eabi/5.4.1/armv6-m\libgcc.a(unwind-arm.o)
 .data          0x00000000        0x0 c:/nxp/mcuxpressoide_10.0.2_411/ide/tools/bin/../lib/gcc/arm-none-eabi/5.4.1/armv6-m\libgcc.a(libunwind.o)
 .bss           0x00000000        0x0 c:/nxp/mcuxpressoide_10.0.2_411/ide/tools/bin/../lib/gcc/arm-none-eabi/5.4.1/armv6-m\libgcc.a(libunwind.o)
 .ARM.attributes
                0x00000000       0x1e c:/nxp/mcuxpressoide_10.0.2_411/ide/tools/bin/../lib/gcc/arm-none-eabi/5.4.1/armv6-m\libgcc.a(libunwind.o)
 .data          0x00000000        0x0 c:/nxp/mcuxpressoide_10.0.2_411/ide/tools/bin/../lib/gcc/arm-none-eabi/5.4.1/armv6-m\libgcc.a(pr-support.o)
 .bss           0x00000000        0x0 c:/nxp/mcuxpressoide_10.0.2_411/ide/tools/bin/../lib/gcc/arm-none-eabi/5.4.1/armv6-m\libgcc.a(pr-support.o)
 .debug_frame   0x00000000       0xf4 c:/nxp/mcuxpressoide_10.0.2_411/ide/tools/bin/../lib/gcc/arm-none-eabi/5.4.1/armv6-m\libgcc.a(pr-support.o)
 .ARM.attributes
                0x00000000       0x2c c:/nxp/mcuxpressoide_10.0.2_411/ide/tools/bin/../lib/gcc/arm-none-eabi/5.4.1/armv6-m\libgcc.a(pr-support.o)
 .text          0x00000000        0x0 c:/nxp/mcuxpressoide_10.0.2_411/ide/tools/bin/../lib/gcc/arm-none-eabi/5.4.1/../../../../arm-none-eabi/lib/armv6-m\libc_nano.a(lib_a-abort.o)
 .data          0x00000000        0x0 c:/nxp/mcuxpressoide_10.0.2_411/ide/tools/bin/../lib/gcc/arm-none-eabi/5.4.1/../../../../arm-none-eabi/lib/armv6-m\libc_nano.a(lib_a-abort.o)
 .bss           0x00000000        0x0 c:/nxp/mcuxpressoide_10.0.2_411/ide/tools/bin/../lib/gcc/arm-none-eabi/5.4.1/../../../../arm-none-eabi/lib/armv6-m\libc_nano.a(lib_a-abort.o)
 .debug_frame   0x00000000       0x28 c:/nxp/mcuxpressoide_10.0.2_411/ide/tools/bin/../lib/gcc/arm-none-eabi/5.4.1/../../../../arm-none-eabi/lib/armv6-m\libc_nano.a(lib_a-abort.o)
 .ARM.attributes
                0x00000000       0x2c c:/nxp/mcuxpressoide_10.0.2_411/ide/tools/bin/../lib/gcc/arm-none-eabi/5.4.1/../../../../arm-none-eabi/lib/armv6-m\libc_nano.a(lib_a-abort.o)
 .text          0x00000000        0x0 c:/nxp/mcuxpressoide_10.0.2_411/ide/tools/bin/../lib/gcc/arm-none-eabi/5.4.1/../../../../arm-none-eabi/lib/armv6-m\libc_nano.a(lib_a-init.o)
 .data          0x00000000        0x0 c:/nxp/mcuxpressoide_10.0.2_411/ide/tools/bin/../lib/gcc/arm-none-eabi/5.4.1/../../../../arm-none-eabi/lib/armv6-m\libc_nano.a(lib_a-init.o)
 .bss           0x00000000        0x0 c:/nxp/mcuxpressoide_10.0.2_411/ide/tools/bin/../lib/gcc/arm-none-eabi/5.4.1/../../../../arm-none-eabi/lib/armv6-m\libc_nano.a(lib_a-init.o)
 .text          0x00000000        0x0 c:/nxp/mcuxpressoide_10.0.2_411/ide/tools/bin/../lib/gcc/arm-none-eabi/5.4.1/../../../../arm-none-eabi/lib/armv6-m\libc_nano.a(lib_a-memcpy-stub.o)
 .data          0x00000000        0x0 c:/nxp/mcuxpressoide_10.0.2_411/ide/tools/bin/../lib/gcc/arm-none-eabi/5.4.1/../../../../arm-none-eabi/lib/armv6-m\libc_nano.a(lib_a-memcpy-stub.o)
 .bss           0x00000000        0x0 c:/nxp/mcuxpressoide_10.0.2_411/ide/tools/bin/../lib/gcc/arm-none-eabi/5.4.1/../../../../arm-none-eabi/lib/armv6-m\libc_nano.a(lib_a-memcpy-stub.o)
 .debug_frame   0x00000000       0x28 c:/nxp/mcuxpressoide_10.0.2_411/ide/tools/bin/../lib/gcc/arm-none-eabi/5.4.1/../../../../arm-none-eabi/lib/armv6-m\libc_nano.a(lib_a-memcpy-stub.o)
 .ARM.attributes
                0x00000000       0x2c c:/nxp/mcuxpressoide_10.0.2_411/ide/tools/bin/../lib/gcc/arm-none-eabi/5.4.1/../../../../arm-none-eabi/lib/armv6-m\libc_nano.a(lib_a-memcpy-stub.o)
 .text          0x00000000        0x0 c:/nxp/mcuxpressoide_10.0.2_411/ide/tools/bin/../lib/gcc/arm-none-eabi/5.4.1/../../../../arm-none-eabi/lib/armv6-m\libc_nano.a(lib_a-signal.o)
 .data          0x00000000        0x0 c:/nxp/mcuxpressoide_10.0.2_411/ide/tools/bin/../lib/gcc/arm-none-eabi/5.4.1/../../../../arm-none-eabi/lib/armv6-m\libc_nano.a(lib_a-signal.o)
 .bss           0x00000000        0x0 c:/nxp/mcuxpressoide_10.0.2_411/ide/tools/bin/../lib/gcc/arm-none-eabi/5.4.1/../../../../arm-none-eabi/lib/armv6-m\libc_nano.a(lib_a-signal.o)
 .text._init_signal_r
                0x00000000       0x30 c:/nxp/mcuxpressoide_10.0.2_411/ide/tools/bin/../lib/gcc/arm-none-eabi/5.4.1/../../../../arm-none-eabi/lib/armv6-m\libc_nano.a(lib_a-signal.o)
 .text._signal_r
                0x00000000       0x32 c:/nxp/mcuxpressoide_10.0.2_411/ide/tools/bin/../lib/gcc/arm-none-eabi/5.4.1/../../../../arm-none-eabi/lib/armv6-m\libc_nano.a(lib_a-signal.o)
 .text.__sigtramp_r
                0x00000000       0x48 c:/nxp/mcuxpressoide_10.0.2_411/ide/tools/bin/../lib/gcc/arm-none-eabi/5.4.1/../../../../arm-none-eabi/lib/armv6-m\libc_nano.a(lib_a-signal.o)
 .text.signal   0x00000000       0x14 c:/nxp/mcuxpressoide_10.0.2_411/ide/tools/bin/../lib/gcc/arm-none-eabi/5.4.1/../../../../arm-none-eabi/lib/armv6-m\libc_nano.a(lib_a-signal.o)
 .text._init_signal
                0x00000000       0x10 c:/nxp/mcuxpressoide_10.0.2_411/ide/tools/bin/../lib/gcc/arm-none-eabi/5.4.1/../../../../arm-none-eabi/lib/armv6-m\libc_nano.a(lib_a-signal.o)
 .text.__sigtramp
                0x00000000       0x14 c:/nxp/mcuxpressoide_10.0.2_411/ide/tools/bin/../lib/gcc/arm-none-eabi/5.4.1/../../../../arm-none-eabi/lib/armv6-m\libc_nano.a(lib_a-signal.o)
 .debug_frame   0x00000000       0xe0 c:/nxp/mcuxpressoide_10.0.2_411/ide/tools/bin/../lib/gcc/arm-none-eabi/5.4.1/../../../../arm-none-eabi/lib/armv6-m\libc_nano.a(lib_a-signal.o)
 .ARM.attributes
                0x00000000       0x2c c:/nxp/mcuxpressoide_10.0.2_411/ide/tools/bin/../lib/gcc/arm-none-eabi/5.4.1/../../../../arm-none-eabi/lib/armv6-m\libc_nano.a(lib_a-signal.o)
 .text          0x00000000        0x0 c:/nxp/mcuxpressoide_10.0.2_411/ide/tools/bin/../lib/gcc/arm-none-eabi/5.4.1/../../../../arm-none-eabi/lib/armv6-m\libc_nano.a(lib_a-signalr.o)
 .data          0x00000000        0x0 c:/nxp/mcuxpressoide_10.0.2_411/ide/tools/bin/../lib/gcc/arm-none-eabi/5.4.1/../../../../arm-none-eabi/lib/armv6-m\libc_nano.a(lib_a-signalr.o)
 .bss           0x00000000        0x0 c:/nxp/mcuxpressoide_10.0.2_411/ide/tools/bin/../lib/gcc/arm-none-eabi/5.4.1/../../../../arm-none-eabi/lib/armv6-m\libc_nano.a(lib_a-signalr.o)
 .debug_frame   0x00000000       0x44 c:/nxp/mcuxpressoide_10.0.2_411/ide/tools/bin/../lib/gcc/arm-none-eabi/5.4.1/../../../../arm-none-eabi/lib/armv6-m\libc_nano.a(lib_a-signalr.o)
 .ARM.attributes
                0x00000000       0x2c c:/nxp/mcuxpressoide_10.0.2_411/ide/tools/bin/../lib/gcc/arm-none-eabi/5.4.1/../../../../arm-none-eabi/lib/armv6-m\libc_nano.a(lib_a-signalr.o)
 .text          0x00000000        0x0 c:/nxp/mcuxpressoide_10.0.2_411/ide/tools/bin/../lib/gcc/arm-none-eabi/5.4.1/../../../../arm-none-eabi/lib/armv6-m\libc_nano.a(lib_a-impure.o)
 .data          0x00000000        0x0 c:/nxp/mcuxpressoide_10.0.2_411/ide/tools/bin/../lib/gcc/arm-none-eabi/5.4.1/../../../../arm-none-eabi/lib/armv6-m\libc_nano.a(lib_a-impure.o)
 .bss           0x00000000        0x0 c:/nxp/mcuxpressoide_10.0.2_411/ide/tools/bin/../lib/gcc/arm-none-eabi/5.4.1/../../../../arm-none-eabi/lib/armv6-m\libc_nano.a(lib_a-impure.o)
 .rodata._global_impure_ptr
                0x00000000        0x4 c:/nxp/mcuxpressoide_10.0.2_411/ide/tools/bin/../lib/gcc/arm-none-eabi/5.4.1/../../../../arm-none-eabi/lib/armv6-m\libc_nano.a(lib_a-impure.o)
 .ARM.attributes
                0x00000000       0x2c c:/nxp/mcuxpressoide_10.0.2_411/ide/tools/bin/../lib/gcc/arm-none-eabi/5.4.1/../../../../arm-none-eabi/lib/armv6-m\libc_nano.a(lib_a-impure.o)
 .text          0x00000000        0x0 c:/nxp/mcuxpressoide_10.0.2_411/ide/tools/bin/../lib/gcc/arm-none-eabi/5.4.1/../../../../arm-none-eabi/lib/armv6-m\libc_nano.a(lib_a-nano-mallocr.o)
 .data          0x00000000        0x0 c:/nxp/mcuxpressoide_10.0.2_411/ide/tools/bin/../lib/gcc/arm-none-eabi/5.4.1/../../../../arm-none-eabi/lib/armv6-m\libc_nano.a(lib_a-nano-mallocr.o)
 .bss           0x00000000        0x0 c:/nxp/mcuxpressoide_10.0.2_411/ide/tools/bin/../lib/gcc/arm-none-eabi/5.4.1/../../../../arm-none-eabi/lib/armv6-m\libc_nano.a(lib_a-nano-mallocr.o)
 .text._malloc_r
                0x00000000       0xc0 c:/nxp/mcuxpressoide_10.0.2_411/ide/tools/bin/../lib/gcc/arm-none-eabi/5.4.1/../../../../arm-none-eabi/lib/armv6-m\libc_nano.a(lib_a-nano-mallocr.o)
 .bss.__malloc_sbrk_start
                0x00000000        0x4 c:/nxp/mcuxpressoide_10.0.2_411/ide/tools/bin/../lib/gcc/arm-none-eabi/5.4.1/../../../../arm-none-eabi/lib/armv6-m\libc_nano.a(lib_a-nano-mallocr.o)
 .bss.__malloc_free_list
                0x00000000        0x4 c:/nxp/mcuxpressoide_10.0.2_411/ide/tools/bin/../lib/gcc/arm-none-eabi/5.4.1/../../../../arm-none-eabi/lib/armv6-m\libc_nano.a(lib_a-nano-mallocr.o)
 .debug_frame   0x00000000       0x2c c:/nxp/mcuxpressoide_10.0.2_411/ide/tools/bin/../lib/gcc/arm-none-eabi/5.4.1/../../../../arm-none-eabi/lib/armv6-m\libc_nano.a(lib_a-nano-mallocr.o)
 .ARM.attributes
                0x00000000       0x2c c:/nxp/mcuxpressoide_10.0.2_411/ide/tools/bin/../lib/gcc/arm-none-eabi/5.4.1/../../../../arm-none-eabi/lib/armv6-m\libc_nano.a(lib_a-nano-mallocr.o)
 .text          0x00000000        0x0 c:/nxp/mcuxpressoide_10.0.2_411/ide/tools/bin/../lib/gcc/arm-none-eabi/5.4.1/../../../../arm-none-eabi/lib/armv6-m\libc_nano.a(lib_a-reent.o)
 .data          0x00000000        0x0 c:/nxp/mcuxpressoide_10.0.2_411/ide/tools/bin/../lib/gcc/arm-none-eabi/5.4.1/../../../../arm-none-eabi/lib/armv6-m\libc_nano.a(lib_a-reent.o)
 .bss           0x00000000        0x0 c:/nxp/mcuxpressoide_10.0.2_411/ide/tools/bin/../lib/gcc/arm-none-eabi/5.4.1/../../../../arm-none-eabi/lib/armv6-m\libc_nano.a(lib_a-reent.o)
 .text.cleanup_glue
                0x00000000       0x1a c:/nxp/mcuxpressoide_10.0.2_411/ide/tools/bin/../lib/gcc/arm-none-eabi/5.4.1/../../../../arm-none-eabi/lib/armv6-m\libc_nano.a(lib_a-reent.o)
 .text._reclaim_reent
                0x00000000       0xcc c:/nxp/mcuxpressoide_10.0.2_411/ide/tools/bin/../lib/gcc/arm-none-eabi/5.4.1/../../../../arm-none-eabi/lib/armv6-m\libc_nano.a(lib_a-reent.o)
 .debug_frame   0x00000000       0x48 c:/nxp/mcuxpressoide_10.0.2_411/ide/tools/bin/../lib/gcc/arm-none-eabi/5.4.1/../../../../arm-none-eabi/lib/armv6-m\libc_nano.a(lib_a-reent.o)
 .ARM.attributes
                0x00000000       0x2c c:/nxp/mcuxpressoide_10.0.2_411/ide/tools/bin/../lib/gcc/arm-none-eabi/5.4.1/../../../../arm-none-eabi/lib/armv6-m\libc_nano.a(lib_a-reent.o)
 .text          0x00000000        0x0 c:/nxp/mcuxpressoide_10.0.2_411/ide/tools/bin/../lib/gcc/arm-none-eabi/5.4.1/../../../../arm-none-eabi/lib/armv6-m\libc_nano.a(lib_a-sbrkr.o)
 .data          0x00000000        0x0 c:/nxp/mcuxpressoide_10.0.2_411/ide/tools/bin/../lib/gcc/arm-none-eabi/5.4.1/../../../../arm-none-eabi/lib/armv6-m\libc_nano.a(lib_a-sbrkr.o)
 .bss           0x00000000        0x0 c:/nxp/mcuxpressoide_10.0.2_411/ide/tools/bin/../lib/gcc/arm-none-eabi/5.4.1/../../../../arm-none-eabi/lib/armv6-m\libc_nano.a(lib_a-sbrkr.o)
 .text._sbrk_r  0x00000000       0x24 c:/nxp/mcuxpressoide_10.0.2_411/ide/tools/bin/../lib/gcc/arm-none-eabi/5.4.1/../../../../arm-none-eabi/lib/armv6-m\libc_nano.a(lib_a-sbrkr.o)
 .debug_frame   0x00000000       0x2c c:/nxp/mcuxpressoide_10.0.2_411/ide/tools/bin/../lib/gcc/arm-none-eabi/5.4.1/../../../../arm-none-eabi/lib/armv6-m\libc_nano.a(lib_a-sbrkr.o)
 .ARM.attributes
                0x00000000       0x2c c:/nxp/mcuxpressoide_10.0.2_411/ide/tools/bin/../lib/gcc/arm-none-eabi/5.4.1/../../../../arm-none-eabi/lib/armv6-m\libc_nano.a(lib_a-sbrkr.o)
 .text          0x00000000        0x0 c:/nxp/mcuxpressoide_10.0.2_411/ide/tools/bin/../lib/gcc/arm-none-eabi/5.4.1/../../../../arm-none-eabi/lib/armv6-m\libc_nano.a(lib_a-mlock.o)
 .data          0x00000000        0x0 c:/nxp/mcuxpressoide_10.0.2_411/ide/tools/bin/../lib/gcc/arm-none-eabi/5.4.1/../../../../arm-none-eabi/lib/armv6-m\libc_nano.a(lib_a-mlock.o)
 .bss           0x00000000        0x0 c:/nxp/mcuxpressoide_10.0.2_411/ide/tools/bin/../lib/gcc/arm-none-eabi/5.4.1/../../../../arm-none-eabi/lib/armv6-m\libc_nano.a(lib_a-mlock.o)
 .text.__malloc_lock
                0x00000000        0x2 c:/nxp/mcuxpressoide_10.0.2_411/ide/tools/bin/../lib/gcc/arm-none-eabi/5.4.1/../../../../arm-none-eabi/lib/armv6-m\libc_nano.a(lib_a-mlock.o)
 .text.__malloc_unlock
                0x00000000        0x2 c:/nxp/mcuxpressoide_10.0.2_411/ide/tools/bin/../lib/gcc/arm-none-eabi/5.4.1/../../../../arm-none-eabi/lib/armv6-m\libc_nano.a(lib_a-mlock.o)
 .debug_frame   0x00000000       0x30 c:/nxp/mcuxpressoide_10.0.2_411/ide/tools/bin/../lib/gcc/arm-none-eabi/5.4.1/../../../../arm-none-eabi/lib/armv6-m\libc_nano.a(lib_a-mlock.o)
 .ARM.attributes
                0x00000000       0x2c c:/nxp/mcuxpressoide_10.0.2_411/ide/tools/bin/../lib/gcc/arm-none-eabi/5.4.1/../../../../arm-none-eabi/lib/armv6-m\libc_nano.a(lib_a-mlock.o)
 .text          0x00000000        0x0 c:/nxp/mcuxpressoide_10.0.2_411/ide/tools/bin/../lib/gcc/arm-none-eabi/5.4.1/../../../../arm-none-eabi/lib/armv6-m\libc_nano.a(lib_a-nano-freer.o)
 .data          0x00000000        0x0 c:/nxp/mcuxpressoide_10.0.2_411/ide/tools/bin/../lib/gcc/arm-none-eabi/5.4.1/../../../../arm-none-eabi/lib/armv6-m\libc_nano.a(lib_a-nano-freer.o)
 .bss           0x00000000        0x0 c:/nxp/mcuxpressoide_10.0.2_411/ide/tools/bin/../lib/gcc/arm-none-eabi/5.4.1/../../../../arm-none-eabi/lib/armv6-m\libc_nano.a(lib_a-nano-freer.o)
 .text._free_r  0x00000000       0x98 c:/nxp/mcuxpressoide_10.0.2_411/ide/tools/bin/../lib/gcc/arm-none-eabi/5.4.1/../../../../arm-none-eabi/lib/armv6-m\libc_nano.a(lib_a-nano-freer.o)
 .debug_frame   0x00000000       0x2c c:/nxp/mcuxpressoide_10.0.2_411/ide/tools/bin/../lib/gcc/arm-none-eabi/5.4.1/../../../../arm-none-eabi/lib/armv6-m\libc_nano.a(lib_a-nano-freer.o)
 .ARM.attributes
                0x00000000       0x2c c:/nxp/mcuxpressoide_10.0.2_411/ide/tools/bin/../lib/gcc/arm-none-eabi/5.4.1/../../../../arm-none-eabi/lib/armv6-m\libc_nano.a(lib_a-nano-freer.o)
 .text          0x00000000        0x0 c:/nxp/mcuxpressoide_10.0.2_411/ide/tools/bin/../lib/gcc/arm-none-eabi/5.4.1/../../../../arm-none-eabi/lib/armv6-m\libcr_newlib_semihost.a(_cr_sbrk.o)
 .data          0x00000000        0x0 c:/nxp/mcuxpressoide_10.0.2_411/ide/tools/bin/../lib/gcc/arm-none-eabi/5.4.1/../../../../arm-none-eabi/lib/armv6-m\libcr_newlib_semihost.a(_cr_sbrk.o)
 .bss           0x00000000        0x0 c:/nxp/mcuxpressoide_10.0.2_411/ide/tools/bin/../lib/gcc/arm-none-eabi/5.4.1/../../../../arm-none-eabi/lib/armv6-m\libcr_newlib_semihost.a(_cr_sbrk.o)
 .text._sbrk    0x00000000       0x40 c:/nxp/mcuxpressoide_10.0.2_411/ide/tools/bin/../lib/gcc/arm-none-eabi/5.4.1/../../../../arm-none-eabi/lib/armv6-m\libcr_newlib_semihost.a(_cr_sbrk.o)
 .bss.__end_of_heap
                0x00000000        0x4 c:/nxp/mcuxpressoide_10.0.2_411/ide/tools/bin/../lib/gcc/arm-none-eabi/5.4.1/../../../../arm-none-eabi/lib/armv6-m\libcr_newlib_semihost.a(_cr_sbrk.o)
 .debug_info    0x00000000      0x124 c:/nxp/mcuxpressoide_10.0.2_411/ide/tools/bin/../lib/gcc/arm-none-eabi/5.4.1/../../../../arm-none-eabi/lib/armv6-m\libcr_newlib_semihost.a(_cr_sbrk.o)
 .debug_abbrev  0x00000000       0xcf c:/nxp/mcuxpressoide_10.0.2_411/ide/tools/bin/../lib/gcc/arm-none-eabi/5.4.1/../../../../arm-none-eabi/lib/armv6-m\libcr_newlib_semihost.a(_cr_sbrk.o)
 .debug_loc     0x00000000       0x5d c:/nxp/mcuxpressoide_10.0.2_411/ide/tools/bin/../lib/gcc/arm-none-eabi/5.4.1/../../../../arm-none-eabi/lib/armv6-m\libcr_newlib_semihost.a(_cr_sbrk.o)
 .debug_aranges
                0x00000000       0x20 c:/nxp/mcuxpressoide_10.0.2_411/ide/tools/bin/../lib/gcc/arm-none-eabi/5.4.1/../../../../arm-none-eabi/lib/armv6-m\libcr_newlib_semihost.a(_cr_sbrk.o)
 .debug_ranges  0x00000000       0x10 c:/nxp/mcuxpressoide_10.0.2_411/ide/tools/bin/../lib/gcc/arm-none-eabi/5.4.1/../../../../arm-none-eabi/lib/armv6-m\libcr_newlib_semihost.a(_cr_sbrk.o)
 .debug_line    0x00000000       0xf9 c:/nxp/mcuxpressoide_10.0.2_411/ide/tools/bin/../lib/gcc/arm-none-eabi/5.4.1/../../../../arm-none-eabi/lib/armv6-m\libcr_newlib_semihost.a(_cr_sbrk.o)
 .debug_str     0x00000000      0x22c c:/nxp/mcuxpressoide_10.0.2_411/ide/tools/bin/../lib/gcc/arm-none-eabi/5.4.1/../../../../arm-none-eabi/lib/armv6-m\libcr_newlib_semihost.a(_cr_sbrk.o)
 .comment       0x00000000       0x6f c:/nxp/mcuxpressoide_10.0.2_411/ide/tools/bin/../lib/gcc/arm-none-eabi/5.4.1/../../../../arm-none-eabi/lib/armv6-m\libcr_newlib_semihost.a(_cr_sbrk.o)
 .debug_frame   0x00000000       0x2c c:/nxp/mcuxpressoide_10.0.2_411/ide/tools/bin/../lib/gcc/arm-none-eabi/5.4.1/../../../../arm-none-eabi/lib/armv6-m\libcr_newlib_semihost.a(_cr_sbrk.o)
 .ARM.attributes
                0x00000000       0x31 c:/nxp/mcuxpressoide_10.0.2_411/ide/tools/bin/../lib/gcc/arm-none-eabi/5.4.1/../../../../arm-none-eabi/lib/armv6-m\libcr_newlib_semihost.a(_cr_sbrk.o)
 .text          0x00000000        0x0 c:/nxp/mcuxpressoide_10.0.2_411/ide/tools/bin/../lib/gcc/arm-none-eabi/5.4.1/../../../../arm-none-eabi/lib/armv6-m\libcr_newlib_semihost.a(_exit.o)
 .data          0x00000000        0x0 c:/nxp/mcuxpressoide_10.0.2_411/ide/tools/bin/../lib/gcc/arm-none-eabi/5.4.1/../../../../arm-none-eabi/lib/armv6-m\libcr_newlib_semihost.a(_exit.o)
 .bss           0x00000000        0x0 c:/nxp/mcuxpressoide_10.0.2_411/ide/tools/bin/../lib/gcc/arm-none-eabi/5.4.1/../../../../arm-none-eabi/lib/armv6-m\libcr_newlib_semihost.a(_exit.o)
 .debug_info    0x00000000       0x74 c:/nxp/mcuxpressoide_10.0.2_411/ide/tools/bin/../lib/gcc/arm-none-eabi/5.4.1/../../../../arm-none-eabi/lib/armv6-m\libcr_newlib_semihost.a(_exit.o)
 .debug_abbrev  0x00000000       0x70 c:/nxp/mcuxpressoide_10.0.2_411/ide/tools/bin/../lib/gcc/arm-none-eabi/5.4.1/../../../../arm-none-eabi/lib/armv6-m\libcr_newlib_semihost.a(_exit.o)
 .debug_loc     0x00000000       0x21 c:/nxp/mcuxpressoide_10.0.2_411/ide/tools/bin/../lib/gcc/arm-none-eabi/5.4.1/../../../../arm-none-eabi/lib/armv6-m\libcr_newlib_semihost.a(_exit.o)
 .debug_aranges
                0x00000000       0x20 c:/nxp/mcuxpressoide_10.0.2_411/ide/tools/bin/../lib/gcc/arm-none-eabi/5.4.1/../../../../arm-none-eabi/lib/armv6-m\libcr_newlib_semihost.a(_exit.o)
 .debug_ranges  0x00000000       0x10 c:/nxp/mcuxpressoide_10.0.2_411/ide/tools/bin/../lib/gcc/arm-none-eabi/5.4.1/../../../../arm-none-eabi/lib/armv6-m\libcr_newlib_semihost.a(_exit.o)
 .debug_line    0x00000000       0x42 c:/nxp/mcuxpressoide_10.0.2_411/ide/tools/bin/../lib/gcc/arm-none-eabi/5.4.1/../../../../arm-none-eabi/lib/armv6-m\libcr_newlib_semihost.a(_exit.o)
 .debug_str     0x00000000      0x133 c:/nxp/mcuxpressoide_10.0.2_411/ide/tools/bin/../lib/gcc/arm-none-eabi/5.4.1/../../../../arm-none-eabi/lib/armv6-m\libcr_newlib_semihost.a(_exit.o)
 .comment       0x00000000       0x6f c:/nxp/mcuxpressoide_10.0.2_411/ide/tools/bin/../lib/gcc/arm-none-eabi/5.4.1/../../../../arm-none-eabi/lib/armv6-m\libcr_newlib_semihost.a(_exit.o)
 .debug_frame   0x00000000       0x28 c:/nxp/mcuxpressoide_10.0.2_411/ide/tools/bin/../lib/gcc/arm-none-eabi/5.4.1/../../../../arm-none-eabi/lib/armv6-m\libcr_newlib_semihost.a(_exit.o)
 .ARM.attributes
                0x00000000       0x31 c:/nxp/mcuxpressoide_10.0.2_411/ide/tools/bin/../lib/gcc/arm-none-eabi/5.4.1/../../../../arm-none-eabi/lib/armv6-m\libcr_newlib_semihost.a(_exit.o)
 .text          0x00000000        0x0 c:/nxp/mcuxpressoide_10.0.2_411/ide/tools/bin/../lib/gcc/arm-none-eabi/5.4.1/../../../../arm-none-eabi/lib/armv6-m\libcr_newlib_semihost.a(_kill.o)
 .data          0x00000000        0x0 c:/nxp/mcuxpressoide_10.0.2_411/ide/tools/bin/../lib/gcc/arm-none-eabi/5.4.1/../../../../arm-none-eabi/lib/armv6-m\libcr_newlib_semihost.a(_kill.o)
 .bss           0x00000000        0x0 c:/nxp/mcuxpressoide_10.0.2_411/ide/tools/bin/../lib/gcc/arm-none-eabi/5.4.1/../../../../arm-none-eabi/lib/armv6-m\libcr_newlib_semihost.a(_kill.o)
 .debug_info    0x00000000      0x14f c:/nxp/mcuxpressoide_10.0.2_411/ide/tools/bin/../lib/gcc/arm-none-eabi/5.4.1/../../../../arm-none-eabi/lib/armv6-m\libcr_newlib_semihost.a(_kill.o)
 .debug_abbrev  0x00000000       0xcd c:/nxp/mcuxpressoide_10.0.2_411/ide/tools/bin/../lib/gcc/arm-none-eabi/5.4.1/../../../../arm-none-eabi/lib/armv6-m\libcr_newlib_semihost.a(_kill.o)
 .debug_loc     0x00000000       0x9a c:/nxp/mcuxpressoide_10.0.2_411/ide/tools/bin/../lib/gcc/arm-none-eabi/5.4.1/../../../../arm-none-eabi/lib/armv6-m\libcr_newlib_semihost.a(_kill.o)
 .debug_aranges
                0x00000000       0x20 c:/nxp/mcuxpressoide_10.0.2_411/ide/tools/bin/../lib/gcc/arm-none-eabi/5.4.1/../../../../arm-none-eabi/lib/armv6-m\libcr_newlib_semihost.a(_kill.o)
 .debug_ranges  0x00000000       0x10 c:/nxp/mcuxpressoide_10.0.2_411/ide/tools/bin/../lib/gcc/arm-none-eabi/5.4.1/../../../../arm-none-eabi/lib/armv6-m\libcr_newlib_semihost.a(_kill.o)
 .debug_line    0x00000000       0x51 c:/nxp/mcuxpressoide_10.0.2_411/ide/tools/bin/../lib/gcc/arm-none-eabi/5.4.1/../../../../arm-none-eabi/lib/armv6-m\libcr_newlib_semihost.a(_kill.o)
 .debug_str     0x00000000      0x1dd c:/nxp/mcuxpressoide_10.0.2_411/ide/tools/bin/../lib/gcc/arm-none-eabi/5.4.1/../../../../arm-none-eabi/lib/armv6-m\libcr_newlib_semihost.a(_kill.o)
 .comment       0x00000000       0x6f c:/nxp/mcuxpressoide_10.0.2_411/ide/tools/bin/../lib/gcc/arm-none-eabi/5.4.1/../../../../arm-none-eabi/lib/armv6-m\libcr_newlib_semihost.a(_kill.o)
 .debug_frame   0x00000000       0x2c c:/nxp/mcuxpressoide_10.0.2_411/ide/tools/bin/../lib/gcc/arm-none-eabi/5.4.1/../../../../arm-none-eabi/lib/armv6-m\libcr_newlib_semihost.a(_kill.o)
 .ARM.attributes
                0x00000000       0x31 c:/nxp/mcuxpressoide_10.0.2_411/ide/tools/bin/../lib/gcc/arm-none-eabi/5.4.1/../../../../arm-none-eabi/lib/armv6-m\libcr_newlib_semihost.a(_kill.o)
 .text          0x00000000        0x0 c:/nxp/mcuxpressoide_10.0.2_411/ide/tools/bin/../lib/gcc/arm-none-eabi/5.4.1/../../../../arm-none-eabi/lib/armv6-m\libcr_newlib_semihost.a(syscalls.o)
 .data          0x00000000        0x0 c:/nxp/mcuxpressoide_10.0.2_411/ide/tools/bin/../lib/gcc/arm-none-eabi/5.4.1/../../../../arm-none-eabi/lib/armv6-m\libcr_newlib_semihost.a(syscalls.o)
 .bss           0x00000000        0x0 c:/nxp/mcuxpressoide_10.0.2_411/ide/tools/bin/../lib/gcc/arm-none-eabi/5.4.1/../../../../arm-none-eabi/lib/armv6-m\libcr_newlib_semihost.a(syscalls.o)
 .text.error    0x00000000       0x1c c:/nxp/mcuxpressoide_10.0.2_411/ide/tools/bin/../lib/gcc/arm-none-eabi/5.4.1/../../../../arm-none-eabi/lib/armv6-m\libcr_newlib_semihost.a(syscalls.o)
 .text.initialise_monitor_handles.part.0
                0x00000000       0x9c c:/nxp/mcuxpressoide_10.0.2_411/ide/tools/bin/../lib/gcc/arm-none-eabi/5.4.1/../../../../arm-none-eabi/lib/armv6-m\libcr_newlib_semihost.a(syscalls.o)
 .text.findslot
                0x00000000       0x30 c:/nxp/mcuxpressoide_10.0.2_411/ide/tools/bin/../lib/gcc/arm-none-eabi/5.4.1/../../../../arm-none-eabi/lib/armv6-m\libcr_newlib_semihost.a(syscalls.o)
 .text.checkerror
                0x00000000       0x20 c:/nxp/mcuxpressoide_10.0.2_411/ide/tools/bin/../lib/gcc/arm-none-eabi/5.4.1/../../../../arm-none-eabi/lib/armv6-m\libcr_newlib_semihost.a(syscalls.o)
 .text._swiread
                0x00000000       0x20 c:/nxp/mcuxpressoide_10.0.2_411/ide/tools/bin/../lib/gcc/arm-none-eabi/5.4.1/../../../../arm-none-eabi/lib/armv6-m\libcr_newlib_semihost.a(syscalls.o)
 .text._read    0x00000000       0x36 c:/nxp/mcuxpressoide_10.0.2_411/ide/tools/bin/../lib/gcc/arm-none-eabi/5.4.1/../../../../arm-none-eabi/lib/armv6-m\libcr_newlib_semihost.a(syscalls.o)
 .text._swilseek
                0x00000000       0x76 c:/nxp/mcuxpressoide_10.0.2_411/ide/tools/bin/../lib/gcc/arm-none-eabi/5.4.1/../../../../arm-none-eabi/lib/armv6-m\libcr_newlib_semihost.a(syscalls.o)
 .text._lseek   0x00000000        0x8 c:/nxp/mcuxpressoide_10.0.2_411/ide/tools/bin/../lib/gcc/arm-none-eabi/5.4.1/../../../../arm-none-eabi/lib/armv6-m\libcr_newlib_semihost.a(syscalls.o)
 .text._swiwrite
                0x00000000       0x20 c:/nxp/mcuxpressoide_10.0.2_411/ide/tools/bin/../lib/gcc/arm-none-eabi/5.4.1/../../../../arm-none-eabi/lib/armv6-m\libcr_newlib_semihost.a(syscalls.o)
 .text._write   0x00000000       0x40 c:/nxp/mcuxpressoide_10.0.2_411/ide/tools/bin/../lib/gcc/arm-none-eabi/5.4.1/../../../../arm-none-eabi/lib/armv6-m\libcr_newlib_semihost.a(syscalls.o)
 .text._swiclose
                0x00000000       0x18 c:/nxp/mcuxpressoide_10.0.2_411/ide/tools/bin/../lib/gcc/arm-none-eabi/5.4.1/../../../../arm-none-eabi/lib/armv6-m\libcr_newlib_semihost.a(syscalls.o)
 .text._close   0x00000000       0x4c c:/nxp/mcuxpressoide_10.0.2_411/ide/tools/bin/../lib/gcc/arm-none-eabi/5.4.1/../../../../arm-none-eabi/lib/armv6-m\libcr_newlib_semihost.a(syscalls.o)
 .text._swistat
                0x00000000       0x46 c:/nxp/mcuxpressoide_10.0.2_411/ide/tools/bin/../lib/gcc/arm-none-eabi/5.4.1/../../../../arm-none-eabi/lib/armv6-m\libcr_newlib_semihost.a(syscalls.o)
 .text._fstat   0x00000000       0x1a c:/nxp/mcuxpressoide_10.0.2_411/ide/tools/bin/../lib/gcc/arm-none-eabi/5.4.1/../../../../arm-none-eabi/lib/armv6-m\libcr_newlib_semihost.a(syscalls.o)
 .text._stat    0x00000000       0x3c c:/nxp/mcuxpressoide_10.0.2_411/ide/tools/bin/../lib/gcc/arm-none-eabi/5.4.1/../../../../arm-none-eabi/lib/armv6-m\libcr_newlib_semihost.a(syscalls.o)
 .text._swiopen
                0x00000000       0xc8 c:/nxp/mcuxpressoide_10.0.2_411/ide/tools/bin/../lib/gcc/arm-none-eabi/5.4.1/../../../../arm-none-eabi/lib/armv6-m\libcr_newlib_semihost.a(syscalls.o)
 .text._open    0x00000000       0x10 c:/nxp/mcuxpressoide_10.0.2_411/ide/tools/bin/../lib/gcc/arm-none-eabi/5.4.1/../../../../arm-none-eabi/lib/armv6-m\libcr_newlib_semihost.a(syscalls.o)
 .text._link    0x00000000       0x10 c:/nxp/mcuxpressoide_10.0.2_411/ide/tools/bin/../lib/gcc/arm-none-eabi/5.4.1/../../../../arm-none-eabi/lib/armv6-m\libcr_newlib_semihost.a(syscalls.o)
 .text._unlink  0x00000000       0x24 c:/nxp/mcuxpressoide_10.0.2_411/ide/tools/bin/../lib/gcc/arm-none-eabi/5.4.1/../../../../arm-none-eabi/lib/armv6-m\libcr_newlib_semihost.a(syscalls.o)
 .text._gettimeofday
                0x00000000       0x26 c:/nxp/mcuxpressoide_10.0.2_411/ide/tools/bin/../lib/gcc/arm-none-eabi/5.4.1/../../../../arm-none-eabi/lib/armv6-m\libcr_newlib_semihost.a(syscalls.o)
 .text._clock   0x00000000       0x12 c:/nxp/mcuxpressoide_10.0.2_411/ide/tools/bin/../lib/gcc/arm-none-eabi/5.4.1/../../../../arm-none-eabi/lib/armv6-m\libcr_newlib_semihost.a(syscalls.o)
 .text._times   0x00000000       0x18 c:/nxp/mcuxpressoide_10.0.2_411/ide/tools/bin/../lib/gcc/arm-none-eabi/5.4.1/../../../../arm-none-eabi/lib/armv6-m\libcr_newlib_semihost.a(syscalls.o)
 .text._isatty  0x00000000       0x28 c:/nxp/mcuxpressoide_10.0.2_411/ide/tools/bin/../lib/gcc/arm-none-eabi/5.4.1/../../../../arm-none-eabi/lib/armv6-m\libcr_newlib_semihost.a(syscalls.o)
 .text._system  0x00000000       0x3e c:/nxp/mcuxpressoide_10.0.2_411/ide/tools/bin/../lib/gcc/arm-none-eabi/5.4.1/../../../../arm-none-eabi/lib/armv6-m\libcr_newlib_semihost.a(syscalls.o)
 .text._rename  0x00000000       0x34 c:/nxp/mcuxpressoide_10.0.2_411/ide/tools/bin/../lib/gcc/arm-none-eabi/5.4.1/../../../../arm-none-eabi/lib/armv6-m\libcr_newlib_semihost.a(syscalls.o)
 .bss.monitor_stdout
                0x00000000        0x4 c:/nxp/mcuxpressoide_10.0.2_411/ide/tools/bin/../lib/gcc/arm-none-eabi/5.4.1/../../../../arm-none-eabi/lib/armv6-m\libcr_newlib_semihost.a(syscalls.o)
 .bss.initialized.5636
                0x00000000        0x4 c:/nxp/mcuxpressoide_10.0.2_411/ide/tools/bin/../lib/gcc/arm-none-eabi/5.4.1/../../../../arm-none-eabi/lib/armv6-m\libcr_newlib_semihost.a(syscalls.o)
 .bss.monitor_stdin
                0x00000000        0x4 c:/nxp/mcuxpressoide_10.0.2_411/ide/tools/bin/../lib/gcc/arm-none-eabi/5.4.1/../../../../arm-none-eabi/lib/armv6-m\libcr_newlib_semihost.a(syscalls.o)
 .rodata.str1.1
                0x00000000        0x4 c:/nxp/mcuxpressoide_10.0.2_411/ide/tools/bin/../lib/gcc/arm-none-eabi/5.4.1/../../../../arm-none-eabi/lib/armv6-m\libcr_newlib_semihost.a(syscalls.o)
 .bss.monitor_stderr
                0x00000000        0x4 c:/nxp/mcuxpressoide_10.0.2_411/ide/tools/bin/../lib/gcc/arm-none-eabi/5.4.1/../../../../arm-none-eabi/lib/armv6-m\libcr_newlib_semihost.a(syscalls.o)
 .bss.openfiles
                0x00000000       0x28 c:/nxp/mcuxpressoide_10.0.2_411/ide/tools/bin/../lib/gcc/arm-none-eabi/5.4.1/../../../../arm-none-eabi/lib/armv6-m\libcr_newlib_semihost.a(syscalls.o)
 .debug_info    0x00000000     0x1485 c:/nxp/mcuxpressoide_10.0.2_411/ide/tools/bin/../lib/gcc/arm-none-eabi/5.4.1/../../../../arm-none-eabi/lib/armv6-m\libcr_newlib_semihost.a(syscalls.o)
 .debug_abbrev  0x00000000      0x332 c:/nxp/mcuxpressoide_10.0.2_411/ide/tools/bin/../lib/gcc/arm-none-eabi/5.4.1/../../../../arm-none-eabi/lib/armv6-m\libcr_newlib_semihost.a(syscalls.o)
 .debug_loc     0x00000000      0xd23 c:/nxp/mcuxpressoide_10.0.2_411/ide/tools/bin/../lib/gcc/arm-none-eabi/5.4.1/../../../../arm-none-eabi/lib/armv6-m\libcr_newlib_semihost.a(syscalls.o)
 .debug_aranges
                0x00000000       0xe8 c:/nxp/mcuxpressoide_10.0.2_411/ide/tools/bin/../lib/gcc/arm-none-eabi/5.4.1/../../../../arm-none-eabi/lib/armv6-m\libcr_newlib_semihost.a(syscalls.o)
 .debug_ranges  0x00000000      0x1f8 c:/nxp/mcuxpressoide_10.0.2_411/ide/tools/bin/../lib/gcc/arm-none-eabi/5.4.1/../../../../arm-none-eabi/lib/armv6-m\libcr_newlib_semihost.a(syscalls.o)
 .debug_line    0x00000000      0x58b c:/nxp/mcuxpressoide_10.0.2_411/ide/tools/bin/../lib/gcc/arm-none-eabi/5.4.1/../../../../arm-none-eabi/lib/armv6-m\libcr_newlib_semihost.a(syscalls.o)
 .debug_str     0x00000000      0x550 c:/nxp/mcuxpressoide_10.0.2_411/ide/tools/bin/../lib/gcc/arm-none-eabi/5.4.1/../../../../arm-none-eabi/lib/armv6-m\libcr_newlib_semihost.a(syscalls.o)
 .comment       0x00000000       0x6f c:/nxp/mcuxpressoide_10.0.2_411/ide/tools/bin/../lib/gcc/arm-none-eabi/5.4.1/../../../../arm-none-eabi/lib/armv6-m\libcr_newlib_semihost.a(syscalls.o)
 .debug_frame   0x00000000      0x2f0 c:/nxp/mcuxpressoide_10.0.2_411/ide/tools/bin/../lib/gcc/arm-none-eabi/5.4.1/../../../../arm-none-eabi/lib/armv6-m\libcr_newlib_semihost.a(syscalls.o)
 .ARM.attributes
                0x00000000       0x31 c:/nxp/mcuxpressoide_10.0.2_411/ide/tools/bin/../lib/gcc/arm-none-eabi/5.4.1/../../../../arm-none-eabi/lib/armv6-m\libcr_newlib_semihost.a(syscalls.o)
 .text          0x00000000        0x0 c:/nxp/mcuxpressoide_10.0.2_411/ide/tools/bin/../lib/gcc/arm-none-eabi/5.4.1/../../../../arm-none-eabi/lib/armv6-m\libcr_newlib_semihost.a(_cr_check_heap.o)
 .data          0x00000000        0x0 c:/nxp/mcuxpressoide_10.0.2_411/ide/tools/bin/../lib/gcc/arm-none-eabi/5.4.1/../../../../arm-none-eabi/lib/armv6-m\libcr_newlib_semihost.a(_cr_check_heap.o)
 .bss           0x00000000        0x0 c:/nxp/mcuxpressoide_10.0.2_411/ide/tools/bin/../lib/gcc/arm-none-eabi/5.4.1/../../../../arm-none-eabi/lib/armv6-m\libcr_newlib_semihost.a(_cr_check_heap.o)
 .text.__check_heap_overflow
                0x00000000       0x14 c:/nxp/mcuxpressoide_10.0.2_411/ide/tools/bin/../lib/gcc/arm-none-eabi/5.4.1/../../../../arm-none-eabi/lib/armv6-m\libcr_newlib_semihost.a(_cr_check_heap.o)
 .debug_info    0x00000000       0x6a c:/nxp/mcuxpressoide_10.0.2_411/ide/tools/bin/../lib/gcc/arm-none-eabi/5.4.1/../../../../arm-none-eabi/lib/armv6-m\libcr_newlib_semihost.a(_cr_check_heap.o)
 .debug_abbrev  0x00000000       0x62 c:/nxp/mcuxpressoide_10.0.2_411/ide/tools/bin/../lib/gcc/arm-none-eabi/5.4.1/../../../../arm-none-eabi/lib/armv6-m\libcr_newlib_semihost.a(_cr_check_heap.o)
 .debug_loc     0x00000000       0x1e c:/nxp/mcuxpressoide_10.0.2_411/ide/tools/bin/../lib/gcc/arm-none-eabi/5.4.1/../../../../arm-none-eabi/lib/armv6-m\libcr_newlib_semihost.a(_cr_check_heap.o)
 .debug_aranges
                0x00000000       0x20 c:/nxp/mcuxpressoide_10.0.2_411/ide/tools/bin/../lib/gcc/arm-none-eabi/5.4.1/../../../../arm-none-eabi/lib/armv6-m\libcr_newlib_semihost.a(_cr_check_heap.o)
 .debug_ranges  0x00000000       0x10 c:/nxp/mcuxpressoide_10.0.2_411/ide/tools/bin/../lib/gcc/arm-none-eabi/5.4.1/../../../../arm-none-eabi/lib/armv6-m\libcr_newlib_semihost.a(_cr_check_heap.o)
 .debug_line    0x00000000       0x53 c:/nxp/mcuxpressoide_10.0.2_411/ide/tools/bin/../lib/gcc/arm-none-eabi/5.4.1/../../../../arm-none-eabi/lib/armv6-m\libcr_newlib_semihost.a(_cr_check_heap.o)
 .debug_str     0x00000000      0x16e c:/nxp/mcuxpressoide_10.0.2_411/ide/tools/bin/../lib/gcc/arm-none-eabi/5.4.1/../../../../arm-none-eabi/lib/armv6-m\libcr_newlib_semihost.a(_cr_check_heap.o)
 .comment       0x00000000       0x6f c:/nxp/mcuxpressoide_10.0.2_411/ide/tools/bin/../lib/gcc/arm-none-eabi/5.4.1/../../../../arm-none-eabi/lib/armv6-m\libcr_newlib_semihost.a(_cr_check_heap.o)
 .debug_frame   0x00000000       0x20 c:/nxp/mcuxpressoide_10.0.2_411/ide/tools/bin/../lib/gcc/arm-none-eabi/5.4.1/../../../../arm-none-eabi/lib/armv6-m\libcr_newlib_semihost.a(_cr_check_heap.o)
 .ARM.attributes
                0x00000000       0x31 c:/nxp/mcuxpressoide_10.0.2_411/ide/tools/bin/../lib/gcc/arm-none-eabi/5.4.1/../../../../arm-none-eabi/lib/armv6-m\libcr_newlib_semihost.a(_cr_check_heap.o)
 .text          0x00000000        0x0 c:/nxp/mcuxpressoide_10.0.2_411/ide/tools/bin/../lib/gcc/arm-none-eabi/5.4.1/armv6-m\crti.o
 .data          0x00000000        0x0 c:/nxp/mcuxpressoide_10.0.2_411/ide/tools/bin/../lib/gcc/arm-none-eabi/5.4.1/armv6-m\crti.o
 .bss           0x00000000        0x0 c:/nxp/mcuxpressoide_10.0.2_411/ide/tools/bin/../lib/gcc/arm-none-eabi/5.4.1/armv6-m\crti.o
 .text          0x00000000        0x0 c:/nxp/mcuxpressoide_10.0.2_411/ide/tools/bin/../lib/gcc/arm-none-eabi/5.4.1/armv6-m\crtn.o
 .data          0x00000000        0x0 c:/nxp/mcuxpressoide_10.0.2_411/ide/tools/bin/../lib/gcc/arm-none-eabi/5.4.1/armv6-m\crtn.o
 .bss           0x00000000        0x0 c:/nxp/mcuxpressoide_10.0.2_411/ide/tools/bin/../lib/gcc/arm-none-eabi/5.4.1/armv6-m\crtn.o
 .data          0x00000000        0x4 c:/nxp/mcuxpressoide_10.0.2_411/ide/tools/bin/../lib/gcc/arm-none-eabi/5.4.1/armv6-m\crtbegin.o
 .fini_array    0x00000000        0x4 c:/nxp/mcuxpressoide_10.0.2_411/ide/tools/bin/../lib/gcc/arm-none-eabi/5.4.1/armv6-m\crtbegin.o
 .text          0x00000000        0x0 c:/nxp/mcuxpressoide_10.0.2_411/ide/tools/bin/../lib/gcc/arm-none-eabi/5.4.1/armv6-m\crtend.o
 .data          0x00000000        0x0 c:/nxp/mcuxpressoide_10.0.2_411/ide/tools/bin/../lib/gcc/arm-none-eabi/5.4.1/armv6-m\crtend.o
 .bss           0x00000000        0x0 c:/nxp/mcuxpressoide_10.0.2_411/ide/tools/bin/../lib/gcc/arm-none-eabi/5.4.1/armv6-m\crtend.o
 .eh_frame      0x00000000        0x4 c:/nxp/mcuxpressoide_10.0.2_411/ide/tools/bin/../lib/gcc/arm-none-eabi/5.4.1/armv6-m\crtend.o
 .jcr           0x00000000        0x4 c:/nxp/mcuxpressoide_10.0.2_411/ide/tools/bin/../lib/gcc/arm-none-eabi/5.4.1/armv6-m\crtend.o
 .ARM.attributes
                0x00000000       0x2c c:/nxp/mcuxpressoide_10.0.2_411/ide/tools/bin/../lib/gcc/arm-none-eabi/5.4.1/armv6-m\crtend.o
 .text          0x00000000        0x0 c:/nxp/mcuxpressoide_10.0.2_411/ide/tools/bin/../lib/gcc/arm-none-eabi/5.4.1/../../../../arm-none-eabi/lib/armv6-m\libc_nano.a(lib_a-errno.o)
 .data          0x00000000        0x0 c:/nxp/mcuxpressoide_10.0.2_411/ide/tools/bin/../lib/gcc/arm-none-eabi/5.4.1/../../../../arm-none-eabi/lib/armv6-m\libc_nano.a(lib_a-errno.o)
 .bss           0x00000000        0x0 c:/nxp/mcuxpressoide_10.0.2_411/ide/tools/bin/../lib/gcc/arm-none-eabi/5.4.1/../../../../arm-none-eabi/lib/armv6-m\libc_nano.a(lib_a-errno.o)
 .text.__errno  0x00000000        0xc c:/nxp/mcuxpressoide_10.0.2_411/ide/tools/bin/../lib/gcc/arm-none-eabi/5.4.1/../../../../arm-none-eabi/lib/armv6-m\libc_nano.a(lib_a-errno.o)
 .debug_frame   0x00000000       0x20 c:/nxp/mcuxpressoide_10.0.2_411/ide/tools/bin/../lib/gcc/arm-none-eabi/5.4.1/../../../../arm-none-eabi/lib/armv6-m\libc_nano.a(lib_a-errno.o)
 .ARM.attributes
                0x00000000       0x2c c:/nxp/mcuxpressoide_10.0.2_411/ide/tools/bin/../lib/gcc/arm-none-eabi/5.4.1/../../../../arm-none-eabi/lib/armv6-m\libc_nano.a(lib_a-errno.o)
 .text          0x00000000        0x0 c:/nxp/mcuxpressoide_10.0.2_411/ide/tools/bin/../lib/gcc/arm-none-eabi/5.4.1/../../../../arm-none-eabi/lib/armv6-m\libc_nano.a(lib_a-memset.o)
 .data          0x00000000        0x0 c:/nxp/mcuxpressoide_10.0.2_411/ide/tools/bin/../lib/gcc/arm-none-eabi/5.4.1/../../../../arm-none-eabi/lib/armv6-m\libc_nano.a(lib_a-memset.o)
 .bss           0x00000000        0x0 c:/nxp/mcuxpressoide_10.0.2_411/ide/tools/bin/../lib/gcc/arm-none-eabi/5.4.1/../../../../arm-none-eabi/lib/armv6-m\libc_nano.a(lib_a-memset.o)
 .text.memset   0x00000000       0x10 c:/nxp/mcuxpressoide_10.0.2_411/ide/tools/bin/../lib/gcc/arm-none-eabi/5.4.1/../../../../arm-none-eabi/lib/armv6-m\libc_nano.a(lib_a-memset.o)
 .debug_frame   0x00000000       0x20 c:/nxp/mcuxpressoide_10.0.2_411/ide/tools/bin/../lib/gcc/arm-none-eabi/5.4.1/../../../../arm-none-eabi/lib/armv6-m\libc_nano.a(lib_a-memset.o)
 .ARM.attributes
                0x00000000       0x2c c:/nxp/mcuxpressoide_10.0.2_411/ide/tools/bin/../lib/gcc/arm-none-eabi/5.4.1/../../../../arm-none-eabi/lib/armv6-m\libc_nano.a(lib_a-memset.o)
 .text          0x00000000        0xe c:/nxp/mcuxpressoide_10.0.2_411/ide/tools/bin/../lib/gcc/arm-none-eabi/5.4.1/../../../../arm-none-eabi/lib/armv6-m\libc_nano.a(lib_a-strlen.o)
 .data          0x00000000        0x0 c:/nxp/mcuxpressoide_10.0.2_411/ide/tools/bin/../lib/gcc/arm-none-eabi/5.4.1/../../../../arm-none-eabi/lib/armv6-m\libc_nano.a(lib_a-strlen.o)
 .bss           0x00000000        0x0 c:/nxp/mcuxpressoide_10.0.2_411/ide/tools/bin/../lib/gcc/arm-none-eabi/5.4.1/../../../../arm-none-eabi/lib/armv6-m\libc_nano.a(lib_a-strlen.o)
 .ARM.attributes
                0x00000000       0x1c c:/nxp/mcuxpressoide_10.0.2_411/ide/tools/bin/../lib/gcc/arm-none-eabi/5.4.1/../../../../arm-none-eabi/lib/armv6-m\libc_nano.a(lib_a-strlen.o)

Memory Configuration

Name             Origin             Length             Attributes
PROGRAM_FLASH    0x00000000         0x00080000         xr
SRAM             0x1fff8000         0x00020000         xrw
*default*        0x00000000         0xffffffff

Linker script and memory map

LOAD ./startup/startup_mkw41z4.o
LOAD ./source/MKW41Z512xxx4_Project.o
LOAD ./source/board.o
LOAD ./source/clock_config.o
LOAD ./source/mtb.o
LOAD ./source/pin_mux.o
LOAD ./CMSIS/system_MKW41Z4.o
START GROUP
LOAD c:/nxp/mcuxpressoide_10.0.2_411/ide/tools/bin/../lib/gcc/arm-none-eabi/5.4.1/armv6-m\libgcc.a
LOAD c:/nxp/mcuxpressoide_10.0.2_411/ide/tools/bin/../lib/gcc/arm-none-eabi/5.4.1/../../../../arm-none-eabi/lib/armv6-m\libc_nano.a
LOAD c:/nxp/mcuxpressoide_10.0.2_411/ide/tools/bin/../lib/gcc/arm-none-eabi/5.4.1/../../../../arm-none-eabi/lib/armv6-m\libstdc++_nano.a
LOAD c:/nxp/mcuxpressoide_10.0.2_411/ide/tools/bin/../lib/gcc/arm-none-eabi/5.4.1/../../../../arm-none-eabi/lib/armv6-m\libm.a
LOAD c:/nxp/mcuxpressoide_10.0.2_411/ide/tools/bin/../lib/gcc/arm-none-eabi/5.4.1/../../../../arm-none-eabi/lib/armv6-m\libcr_newlib_semihost.a
LOAD c:/nxp/mcuxpressoide_10.0.2_411/ide/tools/bin/../lib/gcc/arm-none-eabi/5.4.1/armv6-m\crti.o
LOAD c:/nxp/mcuxpressoide_10.0.2_411/ide/tools/bin/../lib/gcc/arm-none-eabi/5.4.1/armv6-m\crtn.o
LOAD c:/nxp/mcuxpressoide_10.0.2_411/ide/tools/bin/../lib/gcc/arm-none-eabi/5.4.1/armv6-m\crtbegin.o
LOAD c:/nxp/mcuxpressoide_10.0.2_411/ide/tools/bin/../lib/gcc/arm-none-eabi/5.4.1/armv6-m\crtend.o
END GROUP
                0x00000000                __base_PROGRAM_FLASH = 0x0
                0x00000000                __base_Flash = 0x0
                0x00080000                __top_PROGRAM_FLASH = 0x80000
                0x00080000                __top_Flash = 0x80000
                0x1fff8000                __base_SRAM = 0x1fff8000
                0x1fff8000                __base_RAM = 0x1fff8000
                0x20018000                __top_SRAM = 0x20018000
                0x20018000                __top_RAM = 0x20018000

.text           0x00000000     0x150c
 FILL mask 0xff
                0x00000000                __vectors_start__ = ABSOLUTE (.)
 *(.isr_vector)
 .isr_vector    0x00000000       0xc0 ./startup/startup_mkw41z4.o
                0x00000000                g_pfnVectors
                0x00000000                __Vectors
                0x000000c0                . = ALIGN (0x4)
                0x000000c0                __section_table_start = .
                0x000000c0                __data_section_table = .
                0x000000c0        0x4 LONG 0x1624 LOADADDR (.data)
                0x000000c4        0x4 LONG 0x1fff8080 ADDR (.data)
                0x000000c8        0x4 LONG 0x64 SIZEOF (.data)
                0x000000cc                __data_section_table_end = .
                0x000000cc                __bss_section_table = .
                0x000000cc        0x4 LONG 0x1fff80e4 ADDR (.bss)
                0x000000d0        0x4 LONG 0x20 SIZEOF (.bss)
                0x000000d4                __bss_section_table_end = .
                0x000000d4                __section_table_end = .
 *(.after_vectors*)
 .after_vectors.init_data
                0x000000d4       0x18 ./startup/startup_mkw41z4.o
                0x000000d4                data_init(unsigned int, unsigned int, unsigned int)
 .after_vectors.init_bss
                0x000000ec       0x14 ./startup/startup_mkw41z4.o
                0x000000ec                bss_init(unsigned int, unsigned int)
 .after_vectors.reset
                0x00000100       0x50 ./startup/startup_mkw41z4.o
                0x00000100                ResetISR
 .after_vectors
                0x00000150      0x118 ./startup/startup_mkw41z4.o
                0x00000150                NMI_Handler
                0x00000154                HardFault_Handler
                0x00000158                SVC_Handler
                0x0000015c                PendSV_Handler
                0x00000160                SysTick_Handler
                0x00000164                LPTMR0_DriverIRQHandler
                0x00000164                PIT_DriverIRQHandler
                0x00000164                PORTB_PORTC_DriverIRQHandler
                0x00000164                I2C0_DriverIRQHandler
                0x00000164                SPI1_DriverIRQHandler
                0x00000164                DMA0_DriverIRQHandler
                0x00000164                DMA2_DriverIRQHandler
                0x00000164                TRNG0_DriverIRQHandler
                0x00000164                CMP0_DriverIRQHandler
                0x00000164                TPM2_DriverIRQHandler
                0x00000164                Radio_0_DriverIRQHandler
                0x00000164                ADC0_DriverIRQHandler
                0x00000164                SPI0_DriverIRQHandler
                0x00000164                TSI0_DriverIRQHandler
                0x00000164                RTC_Seconds_DriverIRQHandler
                0x00000164                LTC0_DriverIRQHandler
                0x00000164                LLWU_DriverIRQHandler
                0x00000164                MCG_DriverIRQHandler
                0x00000164                LPUART0_DriverIRQHandler
                0x00000164                I2C1_DriverIRQHandler
                0x00000164                PORTA_DriverIRQHandler
                0x00000164                FTFA_DriverIRQHandler
                0x00000164                IntDefaultHandler
                0x00000164                DMA1_DriverIRQHandler
                0x00000164                DAC0_DriverIRQHandler
                0x00000164                TPM0_DriverIRQHandler
                0x00000164                DMA3_DriverIRQHandler
                0x00000164                LVD_LVW_DCDC_DriverIRQHandler
                0x00000164                RTC_DriverIRQHandler
                0x00000164                Reserved20_DriverIRQHandler
                0x00000164                Radio_1_DriverIRQHandler
                0x00000164                TPM1_DriverIRQHandler
                0x00000164                CMT_DriverIRQHandler
                0x00000168                DMA0_IRQHandler
                0x00000170                DMA1_IRQHandler
                0x00000178                DMA2_IRQHandler
                0x00000180                DMA3_IRQHandler
                0x00000188                Reserved20_IRQHandler
                0x00000190                FTFA_IRQHandler
                0x00000198                LVD_LVW_DCDC_IRQHandler
                0x000001a0                LLWU_IRQHandler
                0x000001a8                I2C0_IRQHandler
                0x000001b0                I2C1_IRQHandler
                0x000001b8                SPI0_IRQHandler
                0x000001c0                TSI0_IRQHandler
                0x000001c8                LPUART0_IRQHandler
                0x000001d0                TRNG0_IRQHandler
                0x000001d8                CMT_IRQHandler
                0x000001e0                ADC0_IRQHandler
                0x000001e8                CMP0_IRQHandler
                0x000001f0                TPM0_IRQHandler
                0x000001f8                TPM1_IRQHandler
                0x00000200                TPM2_IRQHandler
                0x00000208                RTC_IRQHandler
                0x00000210                RTC_Seconds_IRQHandler
                0x00000218                PIT_IRQHandler
                0x00000220                LTC0_IRQHandler
                0x00000228                Radio_0_IRQHandler
                0x00000230                DAC0_IRQHandler
                0x00000238                Radio_1_IRQHandler
                0x00000240                MCG_IRQHandler
                0x00000248                LPTMR0_IRQHandler
                0x00000250                SPI1_IRQHandler
                0x00000258                PORTA_IRQHandler
                0x00000260                PORTB_PORTC_IRQHandler
                0x00000400                . = 0x400
 *fill*         0x00000268      0x198 ff
                0x00000400                PROVIDE (__FLASH_CONFIG_START__, .)
 *(.FlashConfig)
 .FlashConfig   0x00000400       0x10 ./startup/startup_mkw41z4.o
                0x00000410                PROVIDE (__FLASH_CONFIG_END__, .)
                0x00000001                ASSERT (! ((__FLASH_CONFIG_START__ == __FLASH_CONFIG_END__)), Linker Flash Config Support Enabled, but no .FlashConfig section provided within application)
 *(.text*)
 .text.SystemInit
                0x00000410       0x18 ./CMSIS/system_MKW41Z4.o
                0x00000410                SystemInit
 .text          0x00000428      0xa3c c:/nxp/mcuxpressoide_10.0.2_411/ide/tools/bin/../lib/gcc/arm-none-eabi/5.4.1/armv6-m\libgcc.a(unwind-arm.o)
                0x00000700                _Unwind_GetCFA
                0x00000704                __gnu_Unwind_RaiseException
                0x00000758                __gnu_Unwind_ForcedUnwind
                0x0000076c                __gnu_Unwind_Resume
                0x000007b4                __gnu_Unwind_Resume_or_Rethrow
                0x000007d0                _Unwind_Complete
                0x000007d4                _Unwind_DeleteException
                0x000007e4                _Unwind_VRS_Get
                0x00000830                _Unwind_VRS_Set
                0x0000087c                __gnu_Unwind_Backtrace
                0x00000bdc                __aeabi_unwind_cpp_pr0
                0x00000be8                __aeabi_unwind_cpp_pr1
                0x00000bf4                __aeabi_unwind_cpp_pr2
                0x00000c00                _Unwind_VRS_Pop
 .text          0x00000e64      0x144 c:/nxp/mcuxpressoide_10.0.2_411/ide/tools/bin/../lib/gcc/arm-none-eabi/5.4.1/armv6-m\libgcc.a(libunwind.o)
                0x00000e64                __restore_core_regs
                0x00000e64                restore_core_regs
                0x00000e90                __gnu_Unwind_Restore_VFP
                0x00000e94                __gnu_Unwind_Save_VFP
                0x00000e98                __gnu_Unwind_Restore_VFP_D
                0x00000e9c                __gnu_Unwind_Save_VFP_D
                0x00000ea0                __gnu_Unwind_Restore_VFP_D_16_to_31
                0x00000ea4                __gnu_Unwind_Save_VFP_D_16_to_31
                0x00000ea8                __gnu_Unwind_Restore_WMMXD
                0x00000eac                __gnu_Unwind_Save_WMMXD
                0x00000eb0                __gnu_Unwind_Restore_WMMXC
                0x00000eb4                __gnu_Unwind_Save_WMMXC
                0x00000eb8                ___Unwind_RaiseException
                0x00000eb8                _Unwind_RaiseException
                0x00000ee8                _Unwind_Resume
                0x00000ee8                ___Unwind_Resume
                0x00000f18                _Unwind_Resume_or_Rethrow
                0x00000f18                ___Unwind_Resume_or_Rethrow
                0x00000f48                _Unwind_ForcedUnwind
                0x00000f48                ___Unwind_ForcedUnwind
                0x00000f78                ___Unwind_Backtrace
                0x00000f78                _Unwind_Backtrace
 .text          0x00000fa8      0x3b0 c:/nxp/mcuxpressoide_10.0.2_411/ide/tools/bin/../lib/gcc/arm-none-eabi/5.4.1/armv6-m\libgcc.a(pr-support.o)
                0x00000ffc                __gnu_unwind_execute
                0x00001300                __gnu_unwind_frame
                0x00001328                _Unwind_GetRegionStart
                0x00001334                _Unwind_GetLanguageSpecificData
                0x00001348                _Unwind_GetTextRelBase
                0x00001350                _Unwind_GetDataRelBase
 .text.abort    0x00001358        0xe c:/nxp/mcuxpressoide_10.0.2_411/ide/tools/bin/../lib/gcc/arm-none-eabi/5.4.1/../../../../arm-none-eabi/lib/armv6-m\libc_nano.a(lib_a-abort.o)
                0x00001358                abort
 *fill*         0x00001366        0x2 ff
 .text.__libc_init_array
                0x00001368       0x4c c:/nxp/mcuxpressoide_10.0.2_411/ide/tools/bin/../lib/gcc/arm-none-eabi/5.4.1/../../../../arm-none-eabi/lib/armv6-m\libc_nano.a(lib_a-init.o)
                0x00001368                __libc_init_array
 .text.memcpy   0x000013b4       0x12 c:/nxp/mcuxpressoide_10.0.2_411/ide/tools/bin/../lib/gcc/arm-none-eabi/5.4.1/../../../../arm-none-eabi/lib/armv6-m\libc_nano.a(lib_a-memcpy-stub.o)
                0x000013b4                memcpy
 .text._raise_r
                0x000013c6       0x54 c:/nxp/mcuxpressoide_10.0.2_411/ide/tools/bin/../lib/gcc/arm-none-eabi/5.4.1/../../../../arm-none-eabi/lib/armv6-m\libc_nano.a(lib_a-signal.o)
                0x000013c6                _raise_r
 *fill*         0x0000141a        0x2 ff
 .text.raise    0x0000141c       0x14 c:/nxp/mcuxpressoide_10.0.2_411/ide/tools/bin/../lib/gcc/arm-none-eabi/5.4.1/../../../../arm-none-eabi/lib/armv6-m\libc_nano.a(lib_a-signal.o)
                0x0000141c                raise
 .text._kill_r  0x00001430       0x24 c:/nxp/mcuxpressoide_10.0.2_411/ide/tools/bin/../lib/gcc/arm-none-eabi/5.4.1/../../../../arm-none-eabi/lib/armv6-m\libc_nano.a(lib_a-signalr.o)
                0x00001430                _kill_r
 .text._getpid_r
                0x00001454        0x8 c:/nxp/mcuxpressoide_10.0.2_411/ide/tools/bin/../lib/gcc/arm-none-eabi/5.4.1/../../../../arm-none-eabi/lib/armv6-m\libc_nano.a(lib_a-signalr.o)
                0x00001454                _getpid_r
 .text._exit    0x0000145c        0xc c:/nxp/mcuxpressoide_10.0.2_411/ide/tools/bin/../lib/gcc/arm-none-eabi/5.4.1/../../../../arm-none-eabi/lib/armv6-m\libcr_newlib_semihost.a(_exit.o)
                0x0000145c                _exit
 .text._kill    0x00001468       0x24 c:/nxp/mcuxpressoide_10.0.2_411/ide/tools/bin/../lib/gcc/arm-none-eabi/5.4.1/../../../../arm-none-eabi/lib/armv6-m\libcr_newlib_semihost.a(_kill.o)
                0x00001468                _kill
 .text._getpid  0x0000148c        0x4 c:/nxp/mcuxpressoide_10.0.2_411/ide/tools/bin/../lib/gcc/arm-none-eabi/5.4.1/../../../../arm-none-eabi/lib/armv6-m\libcr_newlib_semihost.a(syscalls.o)
                0x0000148c                _getpid
 .text          0x00001490       0x60 c:/nxp/mcuxpressoide_10.0.2_411/ide/tools/bin/../lib/gcc/arm-none-eabi/5.4.1/armv6-m\crtbegin.o
 *(.rodata .rodata.* .constdata .constdata.*)
                0x000014f0                . = ALIGN (0x4)
                0x000014f0                . = ALIGN (0x4)
 *(.init)
 .init          0x000014f0        0x4 c:/nxp/mcuxpressoide_10.0.2_411/ide/tools/bin/../lib/gcc/arm-none-eabi/5.4.1/armv6-m\crti.o
                0x000014f0                _init
 .init          0x000014f4        0x8 c:/nxp/mcuxpressoide_10.0.2_411/ide/tools/bin/../lib/gcc/arm-none-eabi/5.4.1/armv6-m\crtn.o
                0x000014fc                . = ALIGN (0x4)
                0x000014fc                __preinit_array_start = .
 *(.preinit_array)
                0x000014fc                __preinit_array_end = .
                0x000014fc                . = ALIGN (0x4)
                0x000014fc                __init_array_start = .
 *(SORT(.init_array.*))
 *(.init_array)
 .init_array    0x000014fc        0x4 c:/nxp/mcuxpressoide_10.0.2_411/ide/tools/bin/../lib/gcc/arm-none-eabi/5.4.1/armv6-m\crtbegin.o
                0x00001500                __init_array_end = .
 *(.fini)
 .fini          0x00001500        0x4 c:/nxp/mcuxpressoide_10.0.2_411/ide/tools/bin/../lib/gcc/arm-none-eabi/5.4.1/armv6-m\crti.o
                0x00001500                _fini
 .fini          0x00001504        0x8 c:/nxp/mcuxpressoide_10.0.2_411/ide/tools/bin/../lib/gcc/arm-none-eabi/5.4.1/armv6-m\crtn.o
                0x0000150c                . = ALIGN (0x4)
 *crtbegin.o(.ctors)
 *(EXCLUDE_FILE(*crtend.o) .ctors)
 *(SORT(.ctors.*))
 *crtend.o(.ctors)
                0x0000150c                . = ALIGN (0x4)
 *crtbegin.o(.dtors)
 *(EXCLUDE_FILE(*crtend.o) .dtors)
 *(SORT(.dtors.*))
 *crtend.o(.dtors)
                0x0000150c                . = ALIGN (0x4)

.glue_7         0x0000150c        0x0
 .glue_7        0x0000150c        0x0 linker stubs

.glue_7t        0x0000150c        0x0
 .glue_7t       0x0000150c        0x0 linker stubs

.vfp11_veneer   0x0000150c        0x0
 .vfp11_veneer  0x0000150c        0x0 linker stubs

.v4_bx          0x0000150c        0x0
 .v4_bx         0x0000150c        0x0 linker stubs

.iplt           0x0000150c        0x0
 .iplt          0x0000150c        0x0 ./startup/startup_mkw41z4.o

.ARM.extab      0x0000150c       0x30
 *(.ARM.extab* .gnu.linkonce.armextab.*)
 .ARM.extab     0x0000150c       0x24 c:/nxp/mcuxpressoide_10.0.2_411/ide/tools/bin/../lib/gcc/arm-none-eabi/5.4.1/armv6-m\libgcc.a(unwind-arm.o)
 .ARM.extab     0x00001530        0xc c:/nxp/mcuxpressoide_10.0.2_411/ide/tools/bin/../lib/gcc/arm-none-eabi/5.4.1/armv6-m\libgcc.a(pr-support.o)
                0x0000153c                __exidx_start = .

.eh_frame       0x0000153c        0x0
 .eh_frame      0x0000153c        0x0 c:/nxp/mcuxpressoide_10.0.2_411/ide/tools/bin/../lib/gcc/arm-none-eabi/5.4.1/armv6-m\crtbegin.o

.ARM.exidx      0x0000153c       0xe8
 *(.ARM.exidx* .gnu.linkonce.armexidx.*)
 .ARM.exidx.after_vectors.init_data
                0x0000153c        0x8 ./startup/startup_mkw41z4.o
 .ARM.exidx.after_vectors.init_bss
                0x00001544        0x0 ./startup/startup_mkw41z4.o
                                  0x8 (size before relaxing)
 .ARM.exidx.after_vectors.reset
                0x00001544        0x8 ./startup/startup_mkw41z4.o
 .ARM.exidx.after_vectors
                0x0000154c       0x18 ./startup/startup_mkw41z4.o
                                0x130 (size before relaxing)
 .ARM.exidx     0x00001564       0x90 c:/nxp/mcuxpressoide_10.0.2_411/ide/tools/bin/../lib/gcc/arm-none-eabi/5.4.1/armv6-m\libgcc.a(unwind-arm.o)
                                 0xd8 (size before relaxing)
 .ARM.exidx     0x000015f4       0x30 c:/nxp/mcuxpressoide_10.0.2_411/ide/tools/bin/../lib/gcc/arm-none-eabi/5.4.1/armv6-m\libgcc.a(pr-support.o)
                                 0x48 (size before relaxing)
                0x00001624                __exidx_end = .
                0x00001624                _etext = .

.rel.dyn        0x00001624        0x0
 .rel.iplt      0x00001624        0x0 ./startup/startup_mkw41z4.o

.mtb_buffer_default
                0x1fff8000       0x80
 *(.mtb*)
 .mtb.$RAM1     0x1fff8000       0x80 ./source/mtb.o
                0x1fff8000                __mtb_buffer__

.uninit_RESERVED
                0x1fff8080        0x0
 *(.bss.$RESERVED*)
                0x1fff8080                . = ALIGN (0x4)
                0x1fff8080                _end_uninit_RESERVED = .

.data           0x1fff8080       0x64 load address 0x00001624
 FILL mask 0xff
                0x1fff8080                _data = .
 *(vtable)
 *(.ramfunc*)
 *(.data*)
 .data.impure_data
                0x1fff8080       0x60 c:/nxp/mcuxpressoide_10.0.2_411/ide/tools/bin/../lib/gcc/arm-none-eabi/5.4.1/../../../../arm-none-eabi/lib/armv6-m\libc_nano.a(lib_a-impure.o)
 .data._impure_ptr
                0x1fff80e0        0x4 c:/nxp/mcuxpressoide_10.0.2_411/ide/tools/bin/../lib/gcc/arm-none-eabi/5.4.1/../../../../arm-none-eabi/lib/armv6-m\libc_nano.a(lib_a-impure.o)
                0x1fff80e0                _impure_ptr
                0x1fff80e4                . = ALIGN (0x4)
                0x1fff80e4                _edata = .

.igot.plt       0x1fff80e4        0x0 load address 0x00001688
 .igot.plt      0x1fff80e4        0x0 ./startup/startup_mkw41z4.o

.jcr            0x1fff80e4        0x0 load address 0x00001688
 .jcr           0x1fff80e4        0x0 c:/nxp/mcuxpressoide_10.0.2_411/ide/tools/bin/../lib/gcc/arm-none-eabi/5.4.1/armv6-m\crtbegin.o

.bss            0x1fff80e4       0x20 load address 0x00001688
                0x1fff80e4                _bss = .
 *(.bss*)
 .bss           0x1fff80e4       0x1c c:/nxp/mcuxpressoide_10.0.2_411/ide/tools/bin/../lib/gcc/arm-none-eabi/5.4.1/armv6-m\crtbegin.o
 *(COMMON)
 COMMON         0x1fff8100        0x4 c:/nxp/mcuxpressoide_10.0.2_411/ide/tools/bin/../lib/gcc/arm-none-eabi/5.4.1/../../../../arm-none-eabi/lib/armv6-m\libc_nano.a(lib_a-reent.o)
                0x1fff8100                errno
                0x1fff8104                . = ALIGN (0x4)
                0x1fff8104                _ebss = .
                [!provide]                PROVIDE (end, .)

.noinit         0x1fff8104        0x0 load address 0x00001688
                0x1fff8104                _noinit = .
 *(.noinit*)
                0x1fff8104                . = ALIGN (0x4)
                0x1fff8104                _end_noinit = .

.heap           0x1fff8104     0x1000 load address 0x00001688
                0x1fff8104                _pvHeapStart = .
                0x1fff9104                . = (. + 0x1000)
 *fill*         0x1fff8104     0x1000 
                0x1fff9104                . = ALIGN (0x4)
                0x1fff9104                _pvHeapLimit = .

.heap2stackfill
                0x1fff9104     0x1000 load address 0x00001688
                0x1fffa104                . = (. + 0x1000)
 *fill*         0x1fff9104     0x1000 

.stack          0x20017000        0x0
                0x20017000                _vStackBase = .
                0x20017000                . = ALIGN (0x4)
                0x20018000                _vStackTop = (. + 0x1000)
OUTPUT(MKW41Z512xxx4_Project.axf elf32-littlearm)

.debug_info     0x00000000      0x8bc
 .debug_info    0x00000000      0x4a7 ./startup/startup_mkw41z4.o
 .debug_info    0x000004a7       0x51 ./source/mtb.o
 .debug_info    0x000004f8      0x3c4 ./CMSIS/system_MKW41Z4.o

.debug_abbrev   0x00000000      0x282
 .debug_abbrev  0x00000000      0x138 ./startup/startup_mkw41z4.o
 .debug_abbrev  0x00000138       0x41 ./source/mtb.o
 .debug_abbrev  0x00000179      0x109 ./CMSIS/system_MKW41Z4.o

.debug_aranges  0x00000000      0x1a0
 .debug_aranges
                0x00000000      0x160 ./startup/startup_mkw41z4.o
 .debug_aranges
                0x00000160       0x18 ./source/mtb.o
 .debug_aranges
                0x00000178       0x28 ./CMSIS/system_MKW41Z4.o

.debug_ranges   0x00000000      0x168
 .debug_ranges  0x00000000      0x150 ./startup/startup_mkw41z4.o
 .debug_ranges  0x00000150       0x18 ./CMSIS/system_MKW41Z4.o

.debug_macro    0x00000000     0x1daa
 .debug_macro   0x00000000       0x2a ./startup/startup_mkw41z4.o
 .debug_macro   0x0000002a      0x87a ./startup/startup_mkw41z4.o
 .debug_macro   0x000008a4       0x2f ./source/mtb.o
 .debug_macro   0x000008d3       0x82 ./source/mtb.o
 .debug_macro   0x00000955       0x10 ./source/mtb.o
 .debug_macro   0x00000965       0xbb ./CMSIS/system_MKW41Z4.o
 .debug_macro   0x00000a20       0x10 ./CMSIS/system_MKW41Z4.o
 .debug_macro   0x00000a30       0x3a ./CMSIS/system_MKW41Z4.o
 .debug_macro   0x00000a6a     0x1340 ./CMSIS/system_MKW41Z4.o

.debug_line     0x00000000      0x48e
 .debug_line    0x00000000      0x13a ./startup/startup_mkw41z4.o
 .debug_line    0x0000013a       0x9a ./source/mtb.o
 .debug_line    0x000001d4      0x2ba ./CMSIS/system_MKW41Z4.o

.debug_str      0x00000000    0x9a5fc
 .debug_str     0x00000000     0x283d ./startup/startup_mkw41z4.o
                               0x285f (size before relaxing)
 .debug_str     0x0000283d      0x709 ./source/mtb.o
                               0x28f3 (size before relaxing)
 .debug_str     0x00002f46    0x976b6 ./CMSIS/system_MKW41Z4.o
                              0x99d56 (size before relaxing)

.comment        0x00000000       0x6e
 .comment       0x00000000       0x6e ./startup/startup_mkw41z4.o
                                 0x6f (size before relaxing)
 .comment       0x0000006e       0x6f ./source/mtb.o
 .comment       0x0000006e       0x6f ./CMSIS/system_MKW41Z4.o

.ARM.attributes
                0x00000000       0x30
 .ARM.attributes
                0x00000000       0x32 ./startup/startup_mkw41z4.o
 .ARM.attributes
                0x00000032       0x32 ./source/mtb.o
 .ARM.attributes
                0x00000064       0x32 ./CMSIS/system_MKW41Z4.o
 .ARM.attributes
                0x00000096       0x2c c:/nxp/mcuxpressoide_10.0.2_411/ide/tools/bin/../lib/gcc/arm-none-eabi/5.4.1/../../../../arm-none-eabi/lib/armv6-m\libc_nano.a(lib_a-init.o)
 .ARM.attributes
                0x000000c2       0x1e c:/nxp/mcuxpressoide_10.0.2_411/ide/tools/bin/../lib/gcc/arm-none-eabi/5.4.1/armv6-m\crti.o
 .ARM.attributes
                0x000000e0       0x1e c:/nxp/mcuxpressoide_10.0.2_411/ide/tools/bin/../lib/gcc/arm-none-eabi/5.4.1/armv6-m\crtn.o
 .ARM.attributes
                0x000000fe       0x2c c:/nxp/mcuxpressoide_10.0.2_411/ide/tools/bin/../lib/gcc/arm-none-eabi/5.4.1/armv6-m\crtbegin.o

.debug_frame    0x00000000      0x428
 .debug_frame   0x00000000      0x3b0 ./startup/startup_mkw41z4.o
 .debug_frame   0x000003b0       0x4c ./CMSIS/system_MKW41Z4.o
 .debug_frame   0x000003fc       0x2c c:/nxp/mcuxpressoide_10.0.2_411/ide/tools/bin/../lib/gcc/arm-none-eabi/5.4.1/../../../../arm-none-eabi/lib/armv6-m\libc_nano.a(lib_a-init.o)
